Archive member included to satisfy reference by file (symbol)

/Users/paulgraham/.pico-sdk/toolchain/14_2_Rel1/bin/../lib/gcc/arm-none-eabi/14.2.1/../../../../arm-none-eabi/lib/thumb/v8-m.main+fp/softfp/libm.a(libm_a-wf_sqrt.o)
                              CMakeFiles/hello_anything.dir/Users/paulgraham/.pico-sdk/sdk/2.2.0/src/rp2_common/pico_float/float_math.c.o (sqrtf)
/Users/paulgraham/.pico-sdk/toolchain/14_2_Rel1/bin/../lib/gcc/arm-none-eabi/14.2.1/../../../../arm-none-eabi/lib/thumb/v8-m.main+fp/softfp/libm.a(libm_a-ef_sqrt.o)
                              /Users/paulgraham/.pico-sdk/toolchain/14_2_Rel1/bin/../lib/gcc/arm-none-eabi/14.2.1/../../../../arm-none-eabi/lib/thumb/v8-m.main+fp/softfp/libm.a(libm_a-wf_sqrt.o) (__ieee754_sqrtf)
/Users/paulgraham/.pico-sdk/toolchain/14_2_Rel1/bin/../lib/gcc/arm-none-eabi/14.2.1/thumb/v8-m.main+fp/softfp/libgcc.a(_arm_addsubdf3.o)
                              CMakeFiles/hello_anything.dir/Users/paulgraham/.pico-sdk/sdk/2.2.0/src/rp2_common/pico_float/float_math.c.o (__aeabi_f2d)
/Users/paulgraham/.pico-sdk/toolchain/14_2_Rel1/bin/../lib/gcc/arm-none-eabi/14.2.1/thumb/v8-m.main+fp/softfp/libgcc.a(_aeabi_ldivmod.o)
                              CMakeFiles/hello_anything.dir/Users/paulgraham/.pico-sdk/sdk/2.2.0/src/common/pico_time/time.c.o (__aeabi_ldivmod)
/Users/paulgraham/.pico-sdk/toolchain/14_2_Rel1/bin/../lib/gcc/arm-none-eabi/14.2.1/thumb/v8-m.main+fp/softfp/libgcc.a(_aeabi_uldivmod.o)
                              CMakeFiles/hello_anything.dir/Users/paulgraham/.pico-sdk/sdk/2.2.0/src/rp2_common/hardware_clocks/clocks.c.o (__aeabi_uldivmod)
/Users/paulgraham/.pico-sdk/toolchain/14_2_Rel1/bin/../lib/gcc/arm-none-eabi/14.2.1/thumb/v8-m.main+fp/softfp/libgcc.a(_udivmoddi4.o)
                              /Users/paulgraham/.pico-sdk/toolchain/14_2_Rel1/bin/../lib/gcc/arm-none-eabi/14.2.1/thumb/v8-m.main+fp/softfp/libgcc.a(_aeabi_ldivmod.o) (__udivmoddi4)
/Users/paulgraham/.pico-sdk/toolchain/14_2_Rel1/bin/../lib/gcc/arm-none-eabi/14.2.1/thumb/v8-m.main+fp/softfp/libgcc.a(_dvmd_tls.o)
                              /Users/paulgraham/.pico-sdk/toolchain/14_2_Rel1/bin/../lib/gcc/arm-none-eabi/14.2.1/thumb/v8-m.main+fp/softfp/libgcc.a(_aeabi_ldivmod.o) (__aeabi_ldiv0)
/Users/paulgraham/.pico-sdk/toolchain/14_2_Rel1/bin/../lib/gcc/arm-none-eabi/14.2.1/../../../../arm-none-eabi/lib/thumb/v8-m.main+fp/softfp/libg.a(libc_a-calloc.o)
                              CMakeFiles/hello_anything.dir/Users/paulgraham/.pico-sdk/sdk/2.2.0/src/rp2_common/pico_malloc/malloc.c.o (calloc)
/Users/paulgraham/.pico-sdk/toolchain/14_2_Rel1/bin/../lib/gcc/arm-none-eabi/14.2.1/../../../../arm-none-eabi/lib/thumb/v8-m.main+fp/softfp/libg.a(libc_a-callocr.o)
                              /Users/paulgraham/.pico-sdk/toolchain/14_2_Rel1/bin/../lib/gcc/arm-none-eabi/14.2.1/../../../../arm-none-eabi/lib/thumb/v8-m.main+fp/softfp/libg.a(libc_a-calloc.o) (_calloc_r)
/Users/paulgraham/.pico-sdk/toolchain/14_2_Rel1/bin/../lib/gcc/arm-none-eabi/14.2.1/../../../../arm-none-eabi/lib/thumb/v8-m.main+fp/softfp/libg.a(libc_a-malloc.o)
                              CMakeFiles/hello_anything.dir/Users/paulgraham/.pico-sdk/sdk/2.2.0/src/rp2_common/pico_malloc/malloc.c.o (malloc)
/Users/paulgraham/.pico-sdk/toolchain/14_2_Rel1/bin/../lib/gcc/arm-none-eabi/14.2.1/../../../../arm-none-eabi/lib/thumb/v8-m.main+fp/softfp/libg.a(libc_a-mallocr.o)
                              /Users/paulgraham/.pico-sdk/toolchain/14_2_Rel1/bin/../lib/gcc/arm-none-eabi/14.2.1/../../../../arm-none-eabi/lib/thumb/v8-m.main+fp/softfp/libg.a(libc_a-callocr.o) (_malloc_r)
/Users/paulgraham/.pico-sdk/toolchain/14_2_Rel1/bin/../lib/gcc/arm-none-eabi/14.2.1/../../../../arm-none-eabi/lib/thumb/v8-m.main+fp/softfp/libg.a(libc_a-mlock.o)
                              /Users/paulgraham/.pico-sdk/toolchain/14_2_Rel1/bin/../lib/gcc/arm-none-eabi/14.2.1/../../../../arm-none-eabi/lib/thumb/v8-m.main+fp/softfp/libg.a(libc_a-mallocr.o) (__malloc_lock)
/Users/paulgraham/.pico-sdk/toolchain/14_2_Rel1/bin/../lib/gcc/arm-none-eabi/14.2.1/../../../../arm-none-eabi/lib/thumb/v8-m.main+fp/softfp/libg.a(libc_a-realloc.o)
                              CMakeFiles/hello_anything.dir/Users/paulgraham/.pico-sdk/sdk/2.2.0/src/rp2_common/pico_malloc/malloc.c.o (realloc)
/Users/paulgraham/.pico-sdk/toolchain/14_2_Rel1/bin/../lib/gcc/arm-none-eabi/14.2.1/../../../../arm-none-eabi/lib/thumb/v8-m.main+fp/softfp/libg.a(libc_a-reallocr.o)
                              /Users/paulgraham/.pico-sdk/toolchain/14_2_Rel1/bin/../lib/gcc/arm-none-eabi/14.2.1/../../../../arm-none-eabi/lib/thumb/v8-m.main+fp/softfp/libg.a(libc_a-realloc.o) (_realloc_r)
/Users/paulgraham/.pico-sdk/toolchain/14_2_Rel1/bin/../lib/gcc/arm-none-eabi/14.2.1/../../../../arm-none-eabi/lib/thumb/v8-m.main+fp/softfp/libg.a(libc_a-memcmp.o)
                              CMakeFiles/hello_anything.dir/Users/paulgraham/.pico-sdk/sdk/2.2.0/src/rp2_common/pico_atomic/atomic.c.o (memcmp)
[...]
Memory Configuration

Name             Origin             Length             Attributes
FLASH            0x10000000         0x00400000         xr
RAM              0x20000000         0x00080000         xrw
SCRATCH_X        0x20080000         0x00001000         xrw
SCRATCH_Y        0x20081000         0x00001000         xrw
*default*        0x00000000         0xffffffff

Linker script and memory map

LOAD /Users/paulgraham/.pico-sdk/toolchain/14_2_Rel1/bin/../lib/gcc/arm-none-eabi/14.2.1/thumb/v8-m.main+fp/softfp/crti.o
LOAD /Users/paulgraham/.pico-sdk/toolchain/14_2_Rel1/bin/../lib/gcc/arm-none-eabi/14.2.1/thumb/v8-m.main+fp/softfp/crtbegin.o
LOAD /Users/paulgraham/.pico-sdk/toolchain/14_2_Rel1/bin/../lib/gcc/arm-none-eabi/14.2.1/../../../../arm-none-eabi/lib/thumb/v8-m.main+fp/softfp/crt0.o

.flash_begin    0x10000000        0x0
                0x10000000                        __flash_binary_start = .

.text           0x10000000     0x47f0
                0x10000000                        __logical_binary_start = .
 *(.vectors)
 .vectors       0x10000000      0x124 CMakeFiles/hello_anything.dir/Users/paulgraham/.pico-sdk/sdk/2.2.0/src/rp2_common/pico_crt0/crt0.S.o
                0x10000000                __VECTOR_TABLE
                0x10000000                __vectors
                0x10000110                __unhandled_user_irq
                0x10000110                isr_irq49
                0x10000110                isr_irq13
                0x10000110                isr_irq43
                0x10000110                isr_irq45
                0x10000110                isr_irq27
                0x10000110                isr_irq32
                0x10000110                isr_irq31
                0x10000110                isr_irq5
                0x10000110                isr_irq11
                0x10000110                isr_irq23
                0x10000110                isr_usagefault
                0x10000110                isr_irq48
                0x10000110                isr_irq35
                0x10000110                isr_irq18
                0x10000110                isr_irq50
                0x10000110                isr_irq9
                0x10000110                isr_irq30
                0x10000110                isr_irq16
                0x10000110                isr_irq44
                0x10000110                isr_irq29
                0x10000110                isr_irq26
                0x10000110                isr_irq33
                0x10000110                isr_irq3
                0x10000110                isr_irq12
                0x10000110                isr_securefault
                0x10000110                isr_irq40
                0x10000110                isr_irq28
                0x10000110                isr_irq19
                0x10000110                isr_irq36
                0x10000110                isr_irq41
                0x10000110                isr_irq0
                0x10000110                isr_irq6
                0x10000110                isr_memmanage
                0x10000110                isr_irq37
                0x10000110                isr_irq42
                0x10000110                isr_irq22
                0x10000110                isr_irq17
                0x10000110                isr_irq38
                0x10000110                isr_irq14
                0x10000110                __vectors_end
                0x10000110                __default_isrs_start
                0x10000110                isr_irq2
                0x10000110                isr_irq10
                0x10000110                isr_irq8
                0x10000110                isr_debugmonitor
                0x10000110                isr_irq24
                0x10000110                isr_irq46
                0x10000110                isr_irq1
                0x10000110                isr_irq47
                0x10000110                isr_irq51
                0x10000110                isr_irq7
                0x10000110                isr_irq21
                0x10000110                isr_irq39
                0x10000110                isr_irq20
                0x10000110                isr_irq15
                0x10000110                isr_irq25
                0x10000110                isr_irq34
                0x10000110                isr_irq4
                0x10000110                isr_busfault
                0x10000116                unhandled_user_irq_num_in_r0
                0x10000118                isr_invalid
                0x1000011a                isr_nmi
                0x1000011c                isr_hardfault
                0x1000011e                isr_svcall
                0x10000120                isr_pendsv
                0x10000122                isr_systick
                0x10000124                __default_isrs_end
 *(.binary_info_header)
 .binary_info_header
                0x10000124       0x14 CMakeFiles/hello_anything.dir/Users/paulgraham/.pico-sdk/sdk/2.2.0/src/rp2_common/pico_crt0/crt0.S.o
                0x10000138                        __binary_info_header_end = .
 *(.embedded_block)
 .embedded_block
                0x10000138       0x14 CMakeFiles/hello_anything.dir/Users/paulgraham/.pico-sdk/sdk/2.2.0/src/rp2_common/pico_crt0/crt0.S.o
                0x1000014c                        __embedded_block_end = .
 *(.reset)
 .reset         0x1000014c       0x98 CMakeFiles/hello_anything.dir/Users/paulgraham/.pico-sdk/sdk/2.2.0/src/rp2_common/pico_crt0/crt0.S.o
                0x1000014c                _entry_point
 *(.init)
 .init          0x100001e4        0x4 /Users/paulgraham/.pico-sdk/toolchain/14_2_Rel1/bin/../lib/gcc/arm-none-eabi/14.2.1/thumb/v8-m.main+fp/softfp/crti.o
                0x100001e4                _init
 SORT_BY_NAME(REVERSE(*libgcc.a:cmse_nonsecure_call.o))()
 *(EXCLUDE_FILE(*libm.a: *libc.a:*lib_a-mem*.o *libgcc.a:) .text*)
 .text.register_tm_clones
                0x100001e8       0x28 /Users/paulgraham/.pico-sdk/toolchain/14_2_Rel1/bin/../lib/gcc/arm-none-eabi/14.2.1/thumb/v8-m.main+fp/softfp/crtbegin.o
 .text.frame_dummy
                0x10000210       0x24 /Users/paulgraham/.pico-sdk/toolchain/14_2_Rel1/bin/../lib/gcc/arm-none-eabi/14.2.1/thumb/v8-m.main+fp/softfp/crtbegin.o
 .text.startup.main
                0x10000234       0x68 CMakeFiles/hello_anything.dir/hello_anything.c.o
                0x10000234                main
 .text.gpio_set_function
                0x1000029c       0x3c CMakeFiles/hello_anything.dir/Users/paulgraham/.pico-sdk/sdk/2.2.0/src/rp2_common/hardware_gpio/gpio.c.o
                0x1000029c                gpio_set_function
 .text.panic    0x100002d8       0x30 CMakeFiles/hello_anything.dir/Users/paulgraham/.pico-sdk/sdk/2.2.0/src/rp2_common/pico_platform_panic/panic.c.o
                0x100002d8                panic
 .text.hw_claim_or_assert
                0x10000308       0x58 CMakeFiles/hello_anything.dir/Users/paulgraham/.pico-sdk/sdk/2.2.0/src/common/hardware_claim/claim.c.o
                0x10000308                hw_claim_or_assert
 .text.hw_claim_unused_from_range
                0x10000360       0x80 CMakeFiles/hello_anything.dir/Users/paulgraham/.pico-sdk/sdk/2.2.0/src/common/hardware_claim/claim.c.o
                0x10000360                hw_claim_unused_from_range
 .text.next_striped_spin_lock_num
                0x100003e0       0x18 CMakeFiles/hello_anything.dir/Users/paulgraham/.pico-sdk/sdk/2.2.0/src/rp2_common/hardware_sync/sync.c.o
                0x100003e0                next_striped_spin_lock_num
 .text.spin_lock_claim_unused
                0x100003f8       0x20 CMakeFiles/hello_anything.dir/Users/paulgraham/.pico-sdk/sdk/2.2.0/src/rp2_common/hardware_sync/sync.c.o
                0x100003f8                spin_lock_claim_unused
 .text.spinlock_set_extexclall
                0x10000418       0x10 CMakeFiles/hello_anything.dir/Users/paulgraham/.pico-sdk/sdk/2.2.0/src/rp2_common/hardware_sync_spin_lock/sync_spin_lock.c.o
 .text.spin_locks_reset
                0x10000428       0x18 CMakeFiles/hello_anything.dir/Users/paulgraham/.pico-sdk/sdk/2.2.0/src/rp2_common/hardware_sync_spin_lock/sync_spin_lock.c.o
                0x10000428                spin_locks_reset
 .text.runtime_init_per_core_irq_priorities
                0x10000440       0x40 CMakeFiles/hello_anything.dir/Users/paulgraham/.pico-sdk/sdk/2.2.0/src/rp2_common/hardware_irq/irq.c.o
                0x10000440                runtime_init_per_core_irq_priorities
 .text.irq_set_enabled
                0x10000480       0x2c CMakeFiles/hello_anything.dir/Users/paulgraham/.pico-sdk/sdk/2.2.0/src/rp2_common/hardware_irq/irq.c.o
                0x10000480                irq_set_enabled
 .text.irq_is_enabled
                0x100004ac       0x20 CMakeFiles/hello_anything.dir/Users/paulgraham/.pico-sdk/sdk/2.2.0/src/rp2_common/hardware_irq/irq.c.o
                0x100004ac                irq_is_enabled
 .text.irq_set_pending
                0x100004cc       0x18 CMakeFiles/hello_anything.dir/Users/paulgraham/.pico-sdk/sdk/2.2.0/src/rp2_common/hardware_irq/irq.c.o
                0x100004cc                irq_set_pending
 .text.irq_has_shared_handler
                0x100004e4       0x20 CMakeFiles/hello_anything.dir/Users/paulgraham/.pico-sdk/sdk/2.2.0/src/rp2_common/hardware_irq/irq.c.o
                0x100004e4                irq_has_shared_handler
 .text.irq_set_exclusive_handler
                0x10000504       0x60 CMakeFiles/hello_anything.dir/Users/paulgraham/.pico-sdk/sdk/2.2.0/src/rp2_common/hardware_irq/irq.c.o
                0x10000504                irq_set_exclusive_handler
 .text.irq_add_shared_handler
                0x10000564      0x1e8 CMakeFiles/hello_anything.dir/Users/paulgraham/.pico-sdk/sdk/2.2.0/src/rp2_common/hardware_irq/irq.c.o
                0x10000564                irq_add_shared_handler
 .text.irq_remove_handler
                0x1000074c      0x1f4 CMakeFiles/hello_anything.dir/Users/paulgraham/.pico-sdk/sdk/2.2.0/src/rp2_common/hardware_irq/irq.c.o
                0x1000074c                irq_remove_handler
 .text.irq_add_tail_to_free_list
                0x10000940       0xbc CMakeFiles/hello_anything.dir/Users/paulgraham/.pico-sdk/sdk/2.2.0/src/rp2_common/hardware_irq/irq.c.o
                0x10000940                irq_add_tail_to_free_list
 .text.user_irq_claim_unused
                0x100009fc       0x28 CMakeFiles/hello_anything.dir/Users/paulgraham/.pico-sdk/sdk/2.2.0/src/rp2_common/hardware_irq/irq.c.o
                0x100009fc                user_irq_claim_unused
 .text.lock_init
                0x10000a24        0xc CMakeFiles/hello_anything.dir/Users/paulgraham/.pico-sdk/sdk/2.2.0/src/common/pico_sync/lock_core.c.o
                0x10000a24                lock_init
 .text.runtime_init_mutex
                0x10000a30       0x4c CMakeFiles/hello_anything.dir/Users/paulgraham/.pico-sdk/sdk/2.2.0/src/common/pico_sync/mutex.c.o
                0x10000a30                runtime_init_mutex
 .text.mutex_init
                0x10000a7c       0x1c CMakeFiles/hello_anything.dir/Users/paulgraham/.pico-sdk/sdk/2.2.0/src/common/pico_sync/mutex.c.o
                0x10000a7c                mutex_init
 .text.critical_section_init
                0x10000a98       0x1c CMakeFiles/hello_anything.dir/Users/paulgraham/.pico-sdk/sdk/2.2.0/src/common/pico_sync/critical_section.c.o
                0x10000a98                critical_section_init
 .text.critical_section_init_with_lock_num
                0x10000ab4       0x10 CMakeFiles/hello_anything.dir/Users/paulgraham/.pico-sdk/sdk/2.2.0/src/common/pico_sync/critical_section.c.o
                0x10000ab4                critical_section_init_with_lock_num
 .text.sleep_until_callback
                0x10000ac4       0x3c CMakeFiles/hello_anything.dir/Users/paulgraham/.pico-sdk/sdk/2.2.0/src/common/pico_time/time.c.o
 .text.alarm_pool_irq_handler
                0x10000b00      0x2f0 CMakeFiles/hello_anything.dir/Users/paulgraham/.pico-sdk/sdk/2.2.0/src/common/pico_time/time.c.o
 .text.runtime_init_default_alarm_pool
                0x10000df0      0x100 CMakeFiles/hello_anything.dir/Users/paulgraham/.pico-sdk/sdk/2.2.0/src/common/pico_time/time.c.o
                0x10000df0                runtime_init_default_alarm_pool
 .text.alarm_pool_get_default
                0x10000ef0        0x8 CMakeFiles/hello_anything.dir/Users/paulgraham/.pico-sdk/sdk/2.2.0/src/common/pico_time/time.c.o
                0x10000ef0                alarm_pool_get_default
 .text.alarm_pool_add_alarm_at
                0x10000ef8       0xdc CMakeFiles/hello_anything.dir/Users/paulgraham/.pico-sdk/sdk/2.2.0/src/common/pico_time/time.c.o
                0x10000ef8                alarm_pool_add_alarm_at
 .text.alarm_pool_add_alarm_at_force_in_context
                0x10000fd4       0xc8 CMakeFiles/hello_anything.dir/Users/paulgraham/.pico-sdk/sdk/2.2.0/src/common/pico_time/time.c.o
                0x10000fd4                alarm_pool_add_alarm_at_force_in_context
 .text.alarm_pool_cancel_alarm
                0x1000109c       0x80 CMakeFiles/hello_anything.dir/Users/paulgraham/.pico-sdk/sdk/2.2.0/src/common/pico_time/time.c.o
                0x1000109c                alarm_pool_cancel_alarm
 .text.alarm_pool_core_num
                0x1000111c        0x4 CMakeFiles/hello_anything.dir/Users/paulgraham/.pico-sdk/sdk/2.2.0/src/common/pico_time/time.c.o
                0x1000111c                alarm_pool_core_num
 .text.sleep_ms
                0x10001120       0xdc CMakeFiles/hello_anything.dir/Users/paulgraham/.pico-sdk/sdk/2.2.0/src/common/pico_time/time.c.o
                0x10001120                sleep_ms
 .text.best_effort_wfe_or_timeout
                0x100011fc       0xd4 CMakeFiles/hello_anything.dir/Users/paulgraham/.pico-sdk/sdk/2.2.0/src/common/pico_time/time.c.o
                0x100011fc                best_effort_wfe_or_timeout
 .text.timer_hardware_alarm_claim
                0x100012d0       0x24 CMakeFiles/hello_anything.dir/Users/paulgraham/.pico-sdk/sdk/2.2.0/src/rp2_common/hardware_timer/timer.c.o
                0x100012d0                timer_hardware_alarm_claim
 .text.timer_time_us_64
                0x100012f4       0x10 CMakeFiles/hello_anything.dir/Users/paulgraham/.pico-sdk/sdk/2.2.0/src/rp2_common/hardware_timer/timer.c.o
                0x100012f4                timer_time_us_64
 .text.time_us_64
                0x10001304       0x14 CMakeFiles/hello_anything.dir/Users/paulgraham/.pico-sdk/sdk/2.2.0/src/rp2_common/hardware_timer/timer.c.o
                0x10001304                time_us_64
 .text.busy_wait_us
                0x10001318       0x5c CMakeFiles/hello_anything.dir/Users/paulgraham/.pico-sdk/sdk/2.2.0/src/rp2_common/hardware_timer/timer.c.o
                0x10001318                busy_wait_us
 .text.busy_wait_until
                0x10001374       0x24 CMakeFiles/hello_anything.dir/Users/paulgraham/.pico-sdk/sdk/2.2.0/src/rp2_common/hardware_timer/timer.c.o
                0x10001374                busy_wait_until
 .text.uart_init
                0x10001398      0x104 CMakeFiles/hello_anything.dir/Users/paulgraham/.pico-sdk/sdk/2.2.0/src/rp2_common/hardware_uart/uart.c.o
                0x10001398                uart_init
 .text.clock_configure_undivided
                0x1000149c       0xd0 CMakeFiles/hello_anything.dir/Users/paulgraham/.pico-sdk/sdk/2.2.0/src/rp2_common/hardware_clocks/clocks.c.o
                0x1000149c                clock_configure_undivided
 .text.clock_get_hz
                0x1000156c        0xc CMakeFiles/hello_anything.dir/Users/paulgraham/.pico-sdk/sdk/2.2.0/src/rp2_common/hardware_clocks/clocks.c.o
                0x1000156c                clock_get_hz
 .text.pll_init
                0x10001578       0x8c CMakeFiles/hello_anything.dir/Users/paulgraham/.pico-sdk/sdk/2.2.0/src/rp2_common/hardware_pll/pll.c.o
                0x10001578                pll_init
 .text.watchdog_reboot
                0x10001604       0x98 CMakeFiles/hello_anything.dir/Users/paulgraham/.pico-sdk/sdk/2.2.0/src/rp2_common/hardware_watchdog/watchdog.c.o
                0x10001604                watchdog_reboot
 .text.tick_start
                0x1000169c       0x18 CMakeFiles/hello_anything.dir/Users/paulgraham/.pico-sdk/sdk/2.2.0/src/rp2_common/hardware_ticks/ticks.c.o
                0x1000169c                tick_start
 .text.rom_reboot.constprop.0.isra.0
                0x100016b4       0x34 CMakeFiles/hello_anything.dir/Users/paulgraham/.pico-sdk/sdk/2.2.0/src/rp2_common/pico_bootrom/bootrom.c.o
 .text.rom_func_lookup
                0x100016e8       0x18 CMakeFiles/hello_anything.dir/Users/paulgraham/.pico-sdk/sdk/2.2.0/src/rp2_common/pico_bootrom/bootrom.c.o
                0x100016e8                rom_func_lookup
 .text.rom_reset_usb_boot_extra
                0x10001700       0x1c CMakeFiles/hello_anything.dir/Users/paulgraham/.pico-sdk/sdk/2.2.0/src/rp2_common/pico_bootrom/bootrom.c.o
                0x10001700                rom_reset_usb_boot_extra
 .text.runtime_init_bootrom_locking_enable
                0x1000171c       0x14 CMakeFiles/hello_anything.dir/Users/paulgraham/.pico-sdk/sdk/2.2.0/src/rp2_common/pico_bootrom/bootrom_lock.c.o
                0x1000171c                runtime_init_bootrom_locking_enable
 .text.runtime_init_boot_locks_reset
                0x10001730       0x1c CMakeFiles/hello_anything.dir/Users/paulgraham/.pico-sdk/sdk/2.2.0/src/rp2_common/hardware_boot_lock/boot_lock.c.o
                0x10001730                runtime_init_boot_locks_reset
 .text.xosc_init
                0x1000174c       0x30 CMakeFiles/hello_anything.dir/Users/paulgraham/.pico-sdk/sdk/2.2.0/src/rp2_common/hardware_xosc/xosc.c.o
                0x1000174c                xosc_init
 .text.first_per_core_initializer
                0x1000177c        0x4 CMakeFiles/hello_anything.dir/Users/paulgraham/.pico-sdk/sdk/2.2.0/src/rp2_common/pico_runtime/runtime.c.o
 .text.hard_assertion_failure
                0x10001780        0xc CMakeFiles/hello_anything.dir/Users/paulgraham/.pico-sdk/sdk/2.2.0/src/rp2_common/pico_runtime/runtime.c.o
                0x10001780                hard_assertion_failure
 .text.runtime_run_initializers
                0x1000178c       0x20 CMakeFiles/hello_anything.dir/Users/paulgraham/.pico-sdk/sdk/2.2.0/src/rp2_common/pico_runtime/runtime.c.o
                0x1000178c                runtime_run_initializers
 .text.runtime_init_early_resets
                0x100017ac       0x34 CMakeFiles/hello_anything.dir/Users/paulgraham/.pico-sdk/sdk/2.2.0/src/rp2_common/pico_runtime_init/runtime_init.c.o
                0x100017ac                runtime_init_early_resets
 .text.runtime_init_usb_power_down
                0x100017e0       0x1c CMakeFiles/hello_anything.dir/Users/paulgraham/.pico-sdk/sdk/2.2.0/src/rp2_common/pico_runtime_init/runtime_init.c.o
                0x100017e0                runtime_init_usb_power_down
 .text.runtime_init_per_core_enable_coprocessors
                0x100017fc       0x1c CMakeFiles/hello_anything.dir/Users/paulgraham/.pico-sdk/sdk/2.2.0/src/rp2_common/pico_runtime_init/runtime_init.c.o
                0x100017fc                runtime_init_per_core_enable_coprocessors
 .text.runtime_init_post_clock_resets
                0x10001818       0x20 CMakeFiles/hello_anything.dir/Users/paulgraham/.pico-sdk/sdk/2.2.0/src/rp2_common/pico_runtime_init/runtime_init.c.o
                0x10001818                runtime_init_post_clock_resets
 .text.runtime_init_bootrom_reset
                0x10001838       0x14 CMakeFiles/hello_anything.dir/Users/paulgraham/.pico-sdk/sdk/2.2.0/src/rp2_common/pico_runtime_init/runtime_init.c.o
                0x10001838                runtime_init_bootrom_reset
 .text.runtime_init_per_core_bootrom_reset
                0x1000184c       0x14 CMakeFiles/hello_anything.dir/Users/paulgraham/.pico-sdk/sdk/2.2.0/src/rp2_common/pico_runtime_init/runtime_init.c.o
                0x1000184c                runtime_init_per_core_bootrom_reset
 .text.runtime_init_spin_locks_reset
                0x10001860        0x4 CMakeFiles/hello_anything.dir/Users/paulgraham/.pico-sdk/sdk/2.2.0/src/rp2_common/pico_runtime_init/runtime_init.c.o
                0x10001860                runtime_init_spin_locks_reset
 .text.runtime_init_install_ram_vector_table
                0x10001864       0x68 CMakeFiles/hello_anything.dir/Users/paulgraham/.pico-sdk/sdk/2.2.0/src/rp2_common/pico_runtime_init/runtime_init.c.o
                0x10001864                runtime_init_install_ram_vector_table
 .text.runtime_init_clocks
                0x100018cc       0xdc CMakeFiles/hello_anything.dir/Users/paulgraham/.pico-sdk/sdk/2.2.0/src/rp2_common/pico_runtime_init/runtime_init_clocks.c.o
                0x100018cc                runtime_init_clocks
 .text._out_char
                0x100019a8        0x8 CMakeFiles/hello_anything.dir/Users/paulgraham/.pico-sdk/sdk/2.2.0/src/rp2_common/pico_printf/printf.c.o
 .text.weak_raw_vprintf
                0x100019b0       0x30 CMakeFiles/hello_anything.dir/Users/paulgraham/.pico-sdk/sdk/2.2.0/src/rp2_common/pico_printf/printf.c.o
                0x100019b0                weak_raw_vprintf
 .text._exit    0x100019e0        0x4 CMakeFiles/hello_anything.dir/Users/paulgraham/.pico-sdk/sdk/2.2.0/src/rp2_common/pico_clib_interface/newlib_interface.c.o
                0x100019e0                _exit
 .text.exit     0x100019e4        0x8 CMakeFiles/hello_anything.dir/Users/paulgraham/.pico-sdk/sdk/2.2.0/src/rp2_common/pico_clib_interface/newlib_interface.c.o
                0x100019e4                exit
 .text.runtime_init
                0x100019ec       0x24 CMakeFiles/hello_anything.dir/Users/paulgraham/.pico-sdk/sdk/2.2.0/src/rp2_common/pico_clib_interface/newlib_interface.c.o
                0x100019ec                runtime_init
 .text.stdio_out_chars_no_crlf
                0x10001a10        0x8 CMakeFiles/hello_anything.dir/Users/paulgraham/.pico-sdk/sdk/2.2.0/src/rp2_common/pico_stdio/stdio.c.o
 .text.stdio_out_chars_crlf
                0x10001a18       0xb0 CMakeFiles/hello_anything.dir/Users/paulgraham/.pico-sdk/sdk/2.2.0/src/rp2_common/pico_stdio/stdio.c.o
 .text.stdio_put_string
                0x10001ac8       0xec CMakeFiles/hello_anything.dir/Users/paulgraham/.pico-sdk/sdk/2.2.0/src/rp2_common/pico_stdio/stdio.c.o
                0x10001ac8                stdio_put_string
 .text.stdio_set_driver_enabled
                0x10001bb4       0x28 CMakeFiles/hello_anything.dir/Users/paulgraham/.pico-sdk/sdk/2.2.0/src/rp2_common/pico_stdio/stdio.c.o
                0x10001bb4                stdio_set_driver_enabled
 .text.__wrap_putchar
                0x10001bdc       0x84 CMakeFiles/hello_anything.dir/Users/paulgraham/.pico-sdk/sdk/2.2.0/src/rp2_common/pico_stdio/stdio.c.o
                0x10001bdc                stdio_putchar
                0x10001bdc                __wrap_putchar
 .text.__wrap_puts
                0x10001c60       0x3c CMakeFiles/hello_anything.dir/Users/paulgraham/.pico-sdk/sdk/2.2.0/src/rp2_common/pico_stdio/stdio.c.o
                0x10001c60                __wrap_puts
                0x10001c60                stdio_puts
 .text.stdio_uart_out_chars
                0x10001c9c       0x50 CMakeFiles/hello_anything.dir/Users/paulgraham/.pico-sdk/sdk/2.2.0/src/rp2_common/pico_stdio_uart/stdio_uart.c.o
 .text.stdio_uart_in_chars
                0x10001cec       0x94 CMakeFiles/hello_anything.dir/Users/paulgraham/.pico-sdk/sdk/2.2.0/src/rp2_common/pico_stdio_uart/stdio_uart.c.o
                0x10001cec                stdio_uart_in_chars
 .text.on_uart_rx
                0x10001d80       0x24 CMakeFiles/hello_anything.dir/Users/paulgraham/.pico-sdk/sdk/2.2.0/src/rp2_common/pico_stdio_uart/stdio_uart.c.o
 .text.stdio_uart_out_flush
                0x10001da4       0x10 CMakeFiles/hello_anything.dir/Users/paulgraham/.pico-sdk/sdk/2.2.0/src/rp2_common/pico_stdio_uart/stdio_uart.c.o
 .text.stdio_uart_set_chars_available_callback
                0x10001db4       0x88 CMakeFiles/hello_anything.dir/Users/paulgraham/.pico-sdk/sdk/2.2.0/src/rp2_common/pico_stdio_uart/stdio_uart.c.o
 .text.stdio_uart_init_full
                0x10001e3c       0x4c CMakeFiles/hello_anything.dir/Users/paulgraham/.pico-sdk/sdk/2.2.0/src/rp2_common/pico_stdio_uart/stdio_uart.c.o
                0x10001e3c                stdio_uart_init_full
 .text.resetd_init
                0x10001e88        0x4 CMakeFiles/hello_anything.dir/Users/paulgraham/.pico-sdk/sdk/2.2.0/src/rp2_common/pico_stdio_usb/reset_interface.c.o
 .text.resetd_reset
                0x10001e8c        0xc CMakeFiles/hello_anything.dir/Users/paulgraham/.pico-sdk/sdk/2.2.0/src/rp2_common/pico_stdio_usb/reset_interface.c.o
 .text.resetd_open
                0x10001e98       0x28 CMakeFiles/hello_anything.dir/Users/paulgraham/.pico-sdk/sdk/2.2.0/src/rp2_common/pico_stdio_usb/reset_interface.c.o
 .text.resetd_xfer_cb
                0x10001ec0        0x4 CMakeFiles/hello_anything.dir/Users/paulgraham/.pico-sdk/sdk/2.2.0/src/rp2_common/pico_stdio_usb/reset_interface.c.o
 .text.resetd_control_xfer_cb
                0x10001ec4       0x50 CMakeFiles/hello_anything.dir/Users/paulgraham/.pico-sdk/sdk/2.2.0/src/rp2_common/pico_stdio_usb/reset_interface.c.o
 .text.tud_descriptor_bos_cb
                0x10001f14        0x8 CMakeFiles/hello_anything.dir/Users/paulgraham/.pico-sdk/sdk/2.2.0/src/rp2_common/pico_stdio_usb/reset_interface.c.o
                0x10001f14                tud_descriptor_bos_cb
 .text.tud_vendor_control_xfer_cb
                0x10001f1c       0x28 CMakeFiles/hello_anything.dir/Users/paulgraham/.pico-sdk/sdk/2.2.0/src/rp2_common/pico_stdio_usb/reset_interface.c.o
                0x10001f1c                tud_vendor_control_xfer_cb
 .text.usbd_app_driver_get_cb
                0x10001f44       0x10 CMakeFiles/hello_anything.dir/Users/paulgraham/.pico-sdk/sdk/2.2.0/src/rp2_common/pico_stdio_usb/reset_interface.c.o
                0x10001f44                usbd_app_driver_get_cb
 .text.tud_cdc_line_coding_cb
                0x10001f54       0x18 CMakeFiles/hello_anything.dir/Users/paulgraham/.pico-sdk/sdk/2.2.0/src/rp2_common/pico_stdio_usb/reset_interface.c.o
                0x10001f54                tud_cdc_line_coding_cb
 .text.stdio_usb_set_chars_available_callback
                0x10001f6c       0x14 CMakeFiles/hello_anything.dir/Users/paulgraham/.pico-sdk/sdk/2.2.0/src/rp2_common/pico_stdio_usb/stdio_usb.c.o
                0x10001f6c                stdio_usb_set_chars_available_callback
 .text.timer_task
                0x10001f80       0x70 CMakeFiles/hello_anything.dir/Users/paulgraham/.pico-sdk/sdk/2.2.0/src/rp2_common/pico_stdio_usb/stdio_usb.c.o
 .text.usb_irq  0x10001ff0        0xc CMakeFiles/hello_anything.dir/Users/paulgraham/.pico-sdk/sdk/2.2.0/src/rp2_common/pico_stdio_usb/stdio_usb.c.o
 .text.stdio_usb_in_chars
                0x10001ffc       0x88 CMakeFiles/hello_anything.dir/Users/paulgraham/.pico-sdk/sdk/2.2.0/src/rp2_common/pico_stdio_usb/stdio_usb.c.o
                0x10001ffc                stdio_usb_in_chars
 .text.stdio_usb_out_flush
                0x10002084       0x54 CMakeFiles/hello_anything.dir/Users/paulgraham/.pico-sdk/sdk/2.2.0/src/rp2_common/pico_stdio_usb/stdio_usb.c.o
 .text.stdio_usb_out_chars
                0x100020d8       0xf4 CMakeFiles/hello_anything.dir/Users/paulgraham/.pico-sdk/sdk/2.2.0/src/rp2_common/pico_stdio_usb/stdio_usb.c.o
 .text.low_priority_worker_irq
                0x100021cc       0xd8 CMakeFiles/hello_anything.dir/Users/paulgraham/.pico-sdk/sdk/2.2.0/src/rp2_common/pico_stdio_usb/stdio_usb.c.o
 .text.stdio_usb_init
                0x100022a4       0xe8 CMakeFiles/hello_anything.dir/Users/paulgraham/.pico-sdk/sdk/2.2.0/src/rp2_common/pico_stdio_usb/stdio_usb.c.o
                0x100022a4                stdio_usb_init
 .text.tud_descriptor_device_cb
                0x1000238c        0x8 CMakeFiles/hello_anything.dir/Users/paulgraham/.pico-sdk/sdk/2.2.0/src/rp2_common/pico_stdio_usb/stdio_usb_descriptors.c.o
                0x1000238c                tud_descriptor_device_cb
 .text.tud_descriptor_configuration_cb
                0x10002394        0x8 CMakeFiles/hello_anything.dir/Users/paulgraham/.pico-sdk/sdk/2.2.0/src/rp2_common/pico_stdio_usb/stdio_usb_descriptors.c.o
                0x10002394                tud_descriptor_configuration_cb
 .text.tud_descriptor_string_cb
                0x1000239c       0x70 CMakeFiles/hello_anything.dir/Users/paulgraham/.pico-sdk/sdk/2.2.0/src/rp2_common/pico_stdio_usb/stdio_usb_descriptors.c.o
                0x1000239c                tud_descriptor_string_cb
 .text.startup._retrieve_unique_id_on_boot
                0x1000240c       0x30 CMakeFiles/hello_anything.dir/Users/paulgraham/.pico-sdk/sdk/2.2.0/src/rp2_common/pico_unique_id/unique_id.c.o
 .text.pico_get_unique_board_id_string
                0x1000243c      0x184 CMakeFiles/hello_anything.dir/Users/paulgraham/.pico-sdk/sdk/2.2.0/src/rp2_common/pico_unique_id/unique_id.c.o
                0x1000243c                pico_get_unique_board_id_string
 .text.dcd_init
                0x100025c0       0x8c CMakeFiles/hello_anything.dir/Users/paulgraham/.pico-sdk/sdk/2.2.0/lib/tinyusb/src/portable/raspberrypi/rp2040/dcd_rp2040.c.o
                0x100025c0                dcd_init
 .text.dcd_int_enable
                0x1000264c        0x8 CMakeFiles/hello_anything.dir/Users/paulgraham/.pico-sdk/sdk/2.2.0/lib/tinyusb/src/portable/raspberrypi/rp2040/dcd_rp2040.c.o
                0x1000264c                dcd_int_enable
 .text.dcd_set_address
                0x10002654       0x10 CMakeFiles/hello_anything.dir/Users/paulgraham/.pico-sdk/sdk/2.2.0/lib/tinyusb/src/portable/raspberrypi/rp2040/dcd_rp2040.c.o
                0x10002654                dcd_set_address
 .text.dcd_sof_enable
                0x10002664       0x1c CMakeFiles/hello_anything.dir/Users/paulgraham/.pico-sdk/sdk/2.2.0/lib/tinyusb/src/portable/raspberrypi/rp2040/dcd_rp2040.c.o
                0x10002664                dcd_sof_enable
 .text.dcd_edpt0_status_complete
                0x10002680       0x1c CMakeFiles/hello_anything.dir/Users/paulgraham/.pico-sdk/sdk/2.2.0/lib/tinyusb/src/portable/raspberrypi/rp2040/dcd_rp2040.c.o
                0x10002680                dcd_edpt0_status_complete
 .text.dcd_edpt_open
                0x1000269c      0x104 CMakeFiles/hello_anything.dir/Users/paulgraham/.pico-sdk/sdk/2.2.0/lib/tinyusb/src/portable/raspberrypi/rp2040/dcd_rp2040.c.o
                0x1000269c                dcd_edpt_open
 .text.dcd_edpt_close_all
                0x100027a0        0x4 CMakeFiles/hello_anything.dir/Users/paulgraham/.pico-sdk/sdk/2.2.0/lib/tinyusb/src/portable/raspberrypi/rp2040/dcd_rp2040.c.o
                0x100027a0                dcd_edpt_close_all
 .text.dcd_edpt_xfer
                0x100027a4       0x28 CMakeFiles/hello_anything.dir/Users/paulgraham/.pico-sdk/sdk/2.2.0/lib/tinyusb/src/portable/raspberrypi/rp2040/dcd_rp2040.c.o
                0x100027a4                dcd_edpt_xfer
 .text.dcd_edpt_stall
                0x100027cc       0x30 CMakeFiles/hello_anything.dir/Users/paulgraham/.pico-sdk/sdk/2.2.0/lib/tinyusb/src/portable/raspberrypi/rp2040/dcd_rp2040.c.o
                0x100027cc                dcd_edpt_stall
 .text.dcd_edpt_clear_stall
                0x100027fc       0x24 CMakeFiles/hello_anything.dir/Users/paulgraham/.pico-sdk/sdk/2.2.0/lib/tinyusb/src/portable/raspberrypi/rp2040/dcd_rp2040.c.o
                0x100027fc                dcd_edpt_clear_stall
 .text.rp2040_usb_init
                0x10002820       0x40 CMakeFiles/hello_anything.dir/Users/paulgraham/.pico-sdk/sdk/2.2.0/lib/tinyusb/src/portable/raspberrypi/rp2040/rp2040_usb.c.o
                0x10002820                rp2040_usb_init
 .text.hw_endpoint_xfer_start
                0x10002860       0x40 CMakeFiles/hello_anything.dir/Users/paulgraham/.pico-sdk/sdk/2.2.0/lib/tinyusb/src/portable/raspberrypi/rp2040/rp2040_usb.c.o
                0x10002860                hw_endpoint_xfer_start
 .text.configuration_reset
                0x100028a0       0x8c CMakeFiles/hello_anything.dir/Users/paulgraham/.pico-sdk/sdk/2.2.0/lib/tinyusb/src/device/usbd.c.o
 .text.tud_event_hook_cb
                0x1000292c        0x4 CMakeFiles/hello_anything.dir/Users/paulgraham/.pico-sdk/sdk/2.2.0/lib/tinyusb/src/device/usbd.c.o
                0x1000292c                tud_event_hook_cb
 .text.tud_sof_cb
                0x10002930        0x4 CMakeFiles/hello_anything.dir/Users/paulgraham/.pico-sdk/sdk/2.2.0/lib/tinyusb/src/device/usbd.c.o
                0x10002930                tud_sof_cb
 .text.tud_descriptor_device_qualifier_cb
                0x10002934        0x4 CMakeFiles/hello_anything.dir/Users/paulgraham/.pico-sdk/sdk/2.2.0/lib/tinyusb/src/device/usbd.c.o
                0x10002934                tud_descriptor_device_qualifier_cb
 .text.tud_descriptor_other_speed_configuration_cb
                0x10002938        0x4 CMakeFiles/hello_anything.dir/Users/paulgraham/.pico-sdk/sdk/2.2.0/lib/tinyusb/src/device/usbd.c.o
                0x10002938                tud_descriptor_other_speed_configuration_cb
 .text.tud_mount_cb
                0x1000293c        0x4 CMakeFiles/hello_anything.dir/Users/paulgraham/.pico-sdk/sdk/2.2.0/lib/tinyusb/src/device/usbd.c.o
                0x1000293c                tud_mount_cb
 .text.tud_umount_cb
                0x10002940        0x4 CMakeFiles/hello_anything.dir/Users/paulgraham/.pico-sdk/sdk/2.2.0/lib/tinyusb/src/device/usbd.c.o
                0x10002940                tud_umount_cb
 .text.tud_suspend_cb
                0x10002944        0x4 CMakeFiles/hello_anything.dir/Users/paulgraham/.pico-sdk/sdk/2.2.0/lib/tinyusb/src/device/usbd.c.o
                0x10002944                tud_suspend_cb
 .text.tud_resume_cb
                0x10002948        0x4 CMakeFiles/hello_anything.dir/Users/paulgraham/.pico-sdk/sdk/2.2.0/lib/tinyusb/src/device/usbd.c.o
                0x10002948                tud_resume_cb
 .text.tud_mounted
                0x1000294c       0x10 CMakeFiles/hello_anything.dir/Users/paulgraham/.pico-sdk/sdk/2.2.0/lib/tinyusb/src/device/usbd.c.o
                0x1000294c                tud_mounted
 .text.tud_suspended
                0x1000295c       0x10 CMakeFiles/hello_anything.dir/Users/paulgraham/.pico-sdk/sdk/2.2.0/lib/tinyusb/src/device/usbd.c.o
                0x1000295c                tud_suspended
 .text.tud_rhport_init
                0x1000296c       0xf4 CMakeFiles/hello_anything.dir/Users/paulgraham/.pico-sdk/sdk/2.2.0/lib/tinyusb/src/device/usbd.c.o
                0x1000296c                tud_rhport_init
 .text.tud_task_ext
                0x10002a60      0x784 CMakeFiles/hello_anything.dir/Users/paulgraham/.pico-sdk/sdk/2.2.0/lib/tinyusb/src/device/usbd.c.o
                0x10002a60                tud_task_ext
 .text.usbd_open_edpt_pair
                0x100031e4       0x9c CMakeFiles/hello_anything.dir/Users/paulgraham/.pico-sdk/sdk/2.2.0/lib/tinyusb/src/device/usbd.c.o
                0x100031e4                usbd_open_edpt_pair
 .text.usbd_edpt_open
                0x10003280       0x44 CMakeFiles/hello_anything.dir/Users/paulgraham/.pico-sdk/sdk/2.2.0/lib/tinyusb/src/device/usbd.c.o
                0x10003280                usbd_edpt_open
 .text.usbd_edpt_claim
                0x100032c4       0x24 CMakeFiles/hello_anything.dir/Users/paulgraham/.pico-sdk/sdk/2.2.0/lib/tinyusb/src/device/usbd.c.o
                0x100032c4                usbd_edpt_claim
 .text.usbd_edpt_release
                0x100032e8       0x24 CMakeFiles/hello_anything.dir/Users/paulgraham/.pico-sdk/sdk/2.2.0/lib/tinyusb/src/device/usbd.c.o
                0x100032e8                usbd_edpt_release
 .text.usbd_edpt_xfer
                0x1000330c       0x70 CMakeFiles/hello_anything.dir/Users/paulgraham/.pico-sdk/sdk/2.2.0/lib/tinyusb/src/device/usbd.c.o
                0x1000330c                usbd_edpt_xfer
 .text.tud_control_status
                0x1000337c       0x34 CMakeFiles/hello_anything.dir/Users/paulgraham/.pico-sdk/sdk/2.2.0/lib/tinyusb/src/device/usbd_control.c.o
                0x1000337c                tud_control_status
 .text.tud_control_xfer
                0x100033b0       0xb0 CMakeFiles/hello_anything.dir/Users/paulgraham/.pico-sdk/sdk/2.2.0/lib/tinyusb/src/device/usbd_control.c.o
                0x100033b0                tud_control_xfer
 .text.usbd_control_reset
                0x10003460       0x14 CMakeFiles/hello_anything.dir/Users/paulgraham/.pico-sdk/sdk/2.2.0/lib/tinyusb/src/device/usbd_control.c.o
                0x10003460                usbd_control_reset
 .text.usbd_control_set_complete_callback
                0x10003474        0xc CMakeFiles/hello_anything.dir/Users/paulgraham/.pico-sdk/sdk/2.2.0/lib/tinyusb/src/device/usbd_control.c.o
                0x10003474                usbd_control_set_complete_callback
 .text.usbd_control_set_request
                0x10003480       0x1c CMakeFiles/hello_anything.dir/Users/paulgraham/.pico-sdk/sdk/2.2.0/lib/tinyusb/src/device/usbd_control.c.o
                0x10003480                usbd_control_set_request
 .text.usbd_control_xfer_cb
                0x1000349c      0x100 CMakeFiles/hello_anything.dir/Users/paulgraham/.pico-sdk/sdk/2.2.0/lib/tinyusb/src/device/usbd_control.c.o
                0x1000349c                usbd_control_xfer_cb
 .text._prep_out_transaction.isra.0
                0x1000359c       0x74 CMakeFiles/hello_anything.dir/Users/paulgraham/.pico-sdk/sdk/2.2.0/lib/tinyusb/src/class/cdc/cdc_device.c.o
 .text.tud_cdc_n_connected
                0x10003610       0x2c CMakeFiles/hello_anything.dir/Users/paulgraham/.pico-sdk/sdk/2.2.0/lib/tinyusb/src/class/cdc/cdc_device.c.o
                0x10003610                tud_cdc_n_connected
 .text.tud_cdc_n_available
                0x1000363c       0x14 CMakeFiles/hello_anything.dir/Users/paulgraham/.pico-sdk/sdk/2.2.0/lib/tinyusb/src/class/cdc/cdc_device.c.o
                0x1000363c                tud_cdc_n_available
 .text.tud_cdc_n_read
                0x10003650       0x90 CMakeFiles/hello_anything.dir/Users/paulgraham/.pico-sdk/sdk/2.2.0/lib/tinyusb/src/class/cdc/cdc_device.c.o
                0x10003650                tud_cdc_n_read
 .text.tud_cdc_n_write_flush
                0x100036e0       0x8c CMakeFiles/hello_anything.dir/Users/paulgraham/.pico-sdk/sdk/2.2.0/lib/tinyusb/src/class/cdc/cdc_device.c.o
                0x100036e0                tud_cdc_n_write_flush
 .text.tud_cdc_n_write
                0x1000376c       0x40 CMakeFiles/hello_anything.dir/Users/paulgraham/.pico-sdk/sdk/2.2.0/lib/tinyusb/src/class/cdc/cdc_device.c.o
                0x1000376c                tud_cdc_n_write
 .text.tud_cdc_n_write_available
                0x100037ac       0x14 CMakeFiles/hello_anything.dir/Users/paulgraham/.pico-sdk/sdk/2.2.0/lib/tinyusb/src/class/cdc/cdc_device.c.o
                0x100037ac                tud_cdc_n_write_available
 .text.cdcd_init
                0x100037c0       0x70 CMakeFiles/hello_anything.dir/Users/paulgraham/.pico-sdk/sdk/2.2.0/lib/tinyusb/src/class/cdc/cdc_device.c.o
                0x100037c0                cdcd_init
 .text.cdcd_deinit
                0x10003830       0x30 CMakeFiles/hello_anything.dir/Users/paulgraham/.pico-sdk/sdk/2.2.0/lib/tinyusb/src/class/cdc/cdc_device.c.o
                0x10003830                cdcd_deinit
 .text.cdcd_reset
                0x10003860       0x4c CMakeFiles/hello_anything.dir/Users/paulgraham/.pico-sdk/sdk/2.2.0/lib/tinyusb/src/class/cdc/cdc_device.c.o
                0x10003860                cdcd_reset
 .text.cdcd_open
                0x100038ac       0xc0 CMakeFiles/hello_anything.dir/Users/paulgraham/.pico-sdk/sdk/2.2.0/lib/tinyusb/src/class/cdc/cdc_device.c.o
                0x100038ac                cdcd_open
 .text.cdcd_control_xfer_cb
                0x1000396c       0xc0 CMakeFiles/hello_anything.dir/Users/paulgraham/.pico-sdk/sdk/2.2.0/lib/tinyusb/src/class/cdc/cdc_device.c.o
                0x1000396c                cdcd_control_xfer_cb
 .text.cdcd_xfer_cb
                0x10003a2c       0xf8 CMakeFiles/hello_anything.dir/Users/paulgraham/.pico-sdk/sdk/2.2.0/lib/tinyusb/src/class/cdc/cdc_device.c.o
                0x10003a2c                cdcd_xfer_cb
 .text.vendord_init
                0x10003b24       0x5c CMakeFiles/hello_anything.dir/Users/paulgraham/.pico-sdk/sdk/2.2.0/lib/tinyusb/src/class/vendor/vendor_device.c.o
                0x10003b24                vendord_init
 .text.vendord_deinit
                0x10003b80       0x1c CMakeFiles/hello_anything.dir/Users/paulgraham/.pico-sdk/sdk/2.2.0/lib/tinyusb/src/class/vendor/vendor_device.c.o
                0x10003b80                vendord_deinit
 .text.vendord_reset
                0x10003b9c       0x24 CMakeFiles/hello_anything.dir/Users/paulgraham/.pico-sdk/sdk/2.2.0/lib/tinyusb/src/class/vendor/vendor_device.c.o
                0x10003b9c                vendord_reset
 .text.vendord_open
                0x10003bc0       0xf4 CMakeFiles/hello_anything.dir/Users/paulgraham/.pico-sdk/sdk/2.2.0/lib/tinyusb/src/class/vendor/vendor_device.c.o
                0x10003bc0                vendord_open
 .text.vendord_xfer_cb
                0x10003cb4       0x88 CMakeFiles/hello_anything.dir/Users/paulgraham/.pico-sdk/sdk/2.2.0/lib/tinyusb/src/class/vendor/vendor_device.c.o
                0x10003cb4                vendord_xfer_cb
 .text.tusb_rhport_init
                0x10003d3c       0x64 CMakeFiles/hello_anything.dir/Users/paulgraham/.pico-sdk/sdk/2.2.0/lib/tinyusb/src/tusb.c.o
                0x10003d3c                tusb_rhport_init
 .text.tu_edpt_claim
                0x10003da0       0x54 CMakeFiles/hello_anything.dir/Users/paulgraham/.pico-sdk/sdk/2.2.0/lib/tinyusb/src/tusb.c.o
                0x10003da0                tu_edpt_claim
 .text.tu_edpt_release
                0x10003df4       0x38 CMakeFiles/hello_anything.dir/Users/paulgraham/.pico-sdk/sdk/2.2.0/lib/tinyusb/src/tusb.c.o
                0x10003df4                tu_edpt_release
 .text.tu_edpt_validate
                0x10003e2c       0x60 CMakeFiles/hello_anything.dir/Users/paulgraham/.pico-sdk/sdk/2.2.0/lib/tinyusb/src/tusb.c.o
                0x10003e2c                tu_edpt_validate
 .text.tu_edpt_bind_driver
                0x10003e8c       0x58 CMakeFiles/hello_anything.dir/Users/paulgraham/.pico-sdk/sdk/2.2.0/lib/tinyusb/src/tusb.c.o
                0x10003e8c                tu_edpt_bind_driver
 .text.tu_edpt_stream_init
                0x10003ee4       0x58 CMakeFiles/hello_anything.dir/Users/paulgraham/.pico-sdk/sdk/2.2.0/lib/tinyusb/src/tusb.c.o
                0x10003ee4                tu_edpt_stream_init
 .text.tu_edpt_stream_deinit
                0x10003f3c        0x4 CMakeFiles/hello_anything.dir/Users/paulgraham/.pico-sdk/sdk/2.2.0/lib/tinyusb/src/tusb.c.o
                0x10003f3c                tu_edpt_stream_deinit
 .text.tu_edpt_stream_write_zlp_if_needed
                0x10003f40       0x68 CMakeFiles/hello_anything.dir/Users/paulgraham/.pico-sdk/sdk/2.2.0/lib/tinyusb/src/tusb.c.o
                0x10003f40                tu_edpt_stream_write_zlp_if_needed
 .text.tu_edpt_stream_write_xfer
                0x10003fa8       0x70 CMakeFiles/hello_anything.dir/Users/paulgraham/.pico-sdk/sdk/2.2.0/lib/tinyusb/src/tusb.c.o
                0x10003fa8                tu_edpt_stream_write_xfer
 .text.tu_edpt_stream_read_xfer
                0x10004018       0xc8 CMakeFiles/hello_anything.dir/Users/paulgraham/.pico-sdk/sdk/2.2.0/lib/tinyusb/src/tusb.c.o
                0x10004018                tu_edpt_stream_read_xfer
 .text.tu_fifo_config
                0x100040e0       0x60 CMakeFiles/hello_anything.dir/Users/paulgraham/.pico-sdk/sdk/2.2.0/lib/tinyusb/src/common/tusb_fifo.c.o
                0x100040e0                tu_fifo_config
 .text.tu_fifo_count
                0x10004140       0x20 CMakeFiles/hello_anything.dir/Users/paulgraham/.pico-sdk/sdk/2.2.0/lib/tinyusb/src/common/tusb_fifo.c.o
                0x10004140                tu_fifo_count
 .text.tu_fifo_empty
                0x10004160       0x14 CMakeFiles/hello_anything.dir/Users/paulgraham/.pico-sdk/sdk/2.2.0/lib/tinyusb/src/common/tusb_fifo.c.o
                0x10004160                tu_fifo_empty
 .text.tu_fifo_remaining
                0x10004174       0x24 CMakeFiles/hello_anything.dir/Users/paulgraham/.pico-sdk/sdk/2.2.0/lib/tinyusb/src/common/tusb_fifo.c.o
                0x10004174                tu_fifo_remaining
 .text.tu_fifo_read
                0x10004198       0x94 CMakeFiles/hello_anything.dir/Users/paulgraham/.pico-sdk/sdk/2.2.0/lib/tinyusb/src/common/tusb_fifo.c.o
                0x10004198                tu_fifo_read
 .text.tu_fifo_read_n
                0x1000422c       0xd8 CMakeFiles/hello_anything.dir/Users/paulgraham/.pico-sdk/sdk/2.2.0/lib/tinyusb/src/common/tusb_fifo.c.o
                0x1000422c                tu_fifo_read_n
 .text.tu_fifo_write
                0x10004304       0xa4 CMakeFiles/hello_anything.dir/Users/paulgraham/.pico-sdk/sdk/2.2.0/lib/tinyusb/src/common/tusb_fifo.c.o
                0x10004304                tu_fifo_write
 .text.tu_fifo_write_n
                0x100043a8      0x15c CMakeFiles/hello_anything.dir/Users/paulgraham/.pico-sdk/sdk/2.2.0/lib/tinyusb/src/common/tusb_fifo.c.o
                0x100043a8                tu_fifo_write_n
 .text.tu_fifo_clear
                0x10004504       0x38 CMakeFiles/hello_anything.dir/Users/paulgraham/.pico-sdk/sdk/2.2.0/lib/tinyusb/src/common/tusb_fifo.c.o
                0x10004504                tu_fifo_clear
 .text.tu_fifo_set_overwritable
                0x1000453c       0x3c CMakeFiles/hello_anything.dir/Users/paulgraham/.pico-sdk/sdk/2.2.0/lib/tinyusb/src/common/tusb_fifo.c.o
                0x1000453c                tu_fifo_set_overwritable
 .text.memset   0x10004578       0x9c /Users/paulgraham/.pico-sdk/toolchain/14_2_Rel1/bin/../lib/gcc/arm-none-eabi/14.2.1/../../../../arm-none-eabi/lib/thumb/v8-m.main+fp/softfp/libg.a(libc_a-memset.o)
                0x10004578                memset
 .text          0x10004614       0xec /Users/paulgraham/.pico-sdk/toolchain/14_2_Rel1/bin/../lib/gcc/arm-none-eabi/14.2.1/../../../../arm-none-eabi/lib/thumb/v8-m.main+fp/softfp/libg.a(libc_a-memcpy.o)
                0x10004614                memcpy
 .text.strlen   0x10004700       0x5c /Users/paulgraham/.pico-sdk/toolchain/14_2_Rel1/bin/../lib/gcc/arm-none-eabi/14.2.1/../../../../arm-none-eabi/lib/thumb/v8-m.main+fp/softfp/libg.a(libc_a-strlen-stub.o)
                0x10004700                strlen
 *(.fini)
 .fini          0x1000475c        0x4 /Users/paulgraham/.pico-sdk/toolchain/14_2_Rel1/bin/../lib/gcc/arm-none-eabi/14.2.1/thumb/v8-m.main+fp/softfp/crti.o
                0x1000475c                _fini
 .fini.__stub   0x10004760       0x48 linker stubs
 *crtbegin.o(.ctors)
 *crtbegin?.o(.ctors)
 *(EXCLUDE_FILE(*crtend.o *crtend?.o) .ctors)
 *(SORT_BY_NAME(.ctors.*))
 *(.ctors)
 *crtbegin.o(.dtors)
 *crtbegin?.o(.dtors)
 *(EXCLUDE_FILE(*crtend.o *crtend?.o) .dtors)
 *(SORT_BY_NAME(.dtors.*))
 *(.dtors)
                0x100047a8                        . = ALIGN (0x4)
                0x100047a8                        PROVIDE (__preinit_array_start = .)
 *(SORT_BY_NAME(.preinit_array.*))
 .preinit_array.00050
                0x100047a8        0x4 CMakeFiles/hello_anything.dir/Users/paulgraham/.pico-sdk/sdk/2.2.0/src/rp2_common/pico_runtime_init/runtime_init.c.o
                0x100047a8                __pre_init_runtime_init_bootrom_reset
 .preinit_array.00100
                0x100047ac        0x4 CMakeFiles/hello_anything.dir/Users/paulgraham/.pico-sdk/sdk/2.2.0/src/rp2_common/pico_runtime_init/runtime_init.c.o
                0x100047ac                __pre_init_runtime_init_early_resets
 .preinit_array.00101
                0x100047b0        0x4 CMakeFiles/hello_anything.dir/Users/paulgraham/.pico-sdk/sdk/2.2.0/src/rp2_common/pico_runtime_init/runtime_init.c.o
                0x100047b0                __pre_init_runtime_init_usb_power_down
 .preinit_array.00500
                0x100047b4        0x4 CMakeFiles/hello_anything.dir/Users/paulgraham/.pico-sdk/sdk/2.2.0/src/rp2_common/pico_runtime_init/runtime_init.c.o
                0x100047b4                __pre_init_runtime_init_clocks
 .preinit_array.00600
                0x100047b8        0x4 CMakeFiles/hello_anything.dir/Users/paulgraham/.pico-sdk/sdk/2.2.0/src/rp2_common/pico_runtime_init/runtime_init.c.o
                0x100047b8                __pre_init_runtime_init_post_clock_resets
 .preinit_array.01000
                0x100047bc        0x4 CMakeFiles/hello_anything.dir/Users/paulgraham/.pico-sdk/sdk/2.2.0/src/rp2_common/hardware_boot_lock/boot_lock.c.o
                0x100047bc                __pre_init_runtime_init_boot_locks_reset
 .preinit_array.01000
                0x100047c0        0x4 CMakeFiles/hello_anything.dir/Users/paulgraham/.pico-sdk/sdk/2.2.0/src/rp2_common/pico_runtime_init/runtime_init.c.o
                0x100047c0                __pre_init_runtime_init_spin_locks_reset
 .preinit_array.01010
                0x100047c4        0x4 CMakeFiles/hello_anything.dir/Users/paulgraham/.pico-sdk/sdk/2.2.0/src/rp2_common/pico_bootrom/bootrom_lock.c.o
                0x100047c4                __pre_init_runtime_init_bootrom_locking_enable
 .preinit_array.01100
                0x100047c8        0x4 CMakeFiles/hello_anything.dir/Users/paulgraham/.pico-sdk/sdk/2.2.0/src/common/pico_sync/mutex.c.o
                0x100047c8                __pre_init_runtime_init_mutex
 .preinit_array.10080
                0x100047cc        0x4 CMakeFiles/hello_anything.dir/Users/paulgraham/.pico-sdk/sdk/2.2.0/src/rp2_common/pico_runtime_init/runtime_init.c.o
                0x100047cc                __pre_init_runtime_init_install_ram_vector_table
 .preinit_array.11000
                0x100047d0        0x4 CMakeFiles/hello_anything.dir/Users/paulgraham/.pico-sdk/sdk/2.2.0/src/common/pico_time/time.c.o
                0x100047d0                __pre_init_runtime_init_default_alarm_pool
 .preinit_array.YYYYY
                0x100047d4        0x4 CMakeFiles/hello_anything.dir/Users/paulgraham/.pico-sdk/sdk/2.2.0/src/rp2_common/pico_runtime/runtime.c.o
                0x100047d4                __pre_init_first_per_core_initializer
 .preinit_array.ZZZZZ.00051
                0x100047d8        0x4 CMakeFiles/hello_anything.dir/Users/paulgraham/.pico-sdk/sdk/2.2.0/src/rp2_common/pico_runtime_init/runtime_init.c.o
                0x100047d8                __pre_init_runtime_init_per_core_bootrom_reset
 .preinit_array.ZZZZZ.00200
                0x100047dc        0x4 CMakeFiles/hello_anything.dir/Users/paulgraham/.pico-sdk/sdk/2.2.0/src/rp2_common/pico_runtime_init/runtime_init.c.o
                0x100047dc                __pre_init_runtime_init_per_core_enable_coprocessors
 .preinit_array.ZZZZZ.01000
                0x100047e0        0x4 CMakeFiles/hello_anything.dir/Users/paulgraham/.pico-sdk/sdk/2.2.0/src/rp2_common/hardware_sync_spin_lock/sync_spin_lock.c.o
                0x100047e0                __pre_init_spinlock_set_extexclall
 .preinit_array.ZZZZZ.01200
                0x100047e4        0x4 CMakeFiles/hello_anything.dir/Users/paulgraham/.pico-sdk/sdk/2.2.0/src/rp2_common/hardware_irq/irq.c.o
                0x100047e4                __pre_init_runtime_init_per_core_irq_priorities
 *(.preinit_array)
                0x100047e8                        PROVIDE (__preinit_array_end = .)
                0x100047e8                        . = ALIGN (0x4)
                0x100047e8                        PROVIDE (__init_array_start = .)
 *(SORT_BY_NAME(.init_array.*))
 .init_array.01000
                0x100047e8        0x4 CMakeFiles/hello_anything.dir/Users/paulgraham/.pico-sdk/sdk/2.2.0/src/rp2_common/pico_unique_id/unique_id.c.o
 *(.init_array)
 .init_array    0x100047ec        0x4 /Users/paulgraham/.pico-sdk/toolchain/14_2_Rel1/bin/../lib/gcc/arm-none-eabi/14.2.1/thumb/v8-m.main+fp/softfp/crtbegin.o
                0x100047f0                        PROVIDE (__init_array_end = .)
                0x100047f0                        . = ALIGN (0x4)
                [!provide]                        PROVIDE (__fini_array_start = .)
 *(SORT_BY_NAME(.fini_array.*))
 *(.fini_array)
                [!provide]                        PROVIDE (__fini_array_end = .)
 *(.eh_frame*)
 .eh_frame      0x100047f0        0x0 /Users/paulgraham/.pico-sdk/toolchain/14_2_Rel1/bin/../lib/gcc/arm-none-eabi/14.2.1/thumb/v8-m.main+fp/softfp/crtbegin.o
                0x100047f0                        . = ALIGN (0x4)

.glue_7         0x100047f0        0x0
 .glue_7        0x100047f0        0x0 linker stubs

.glue_7t        0x100047f0        0x0
 .glue_7t       0x100047f0        0x0 linker stubs

.vfp11_veneer   0x100047f0        0x0
 .vfp11_veneer  0x100047f0        0x0 linker stubs

.v4_bx          0x100047f0        0x0
 .v4_bx         0x100047f0        0x0 linker stubs

.iplt           0x100047f0        0x0
 .iplt          0x100047f0        0x0 /Users/paulgraham/.pico-sdk/toolchain/14_2_Rel1/bin/../lib/gcc/arm-none-eabi/14.2.1/thumb/v8-m.main+fp/softfp/crtbegin.o

.boot2          0x100047f0        0x0
                0x100047f0                        __boot2_start__ = .
 *(.boot2)
                0x100047f0                        __boot2_end__ = .
                0x00000001                        ASSERT (((__boot2_end__ - __boot2_start__) <= 0x100), ERROR: Pico second stage bootloader must be no more than 256 bytes in size)

.rodata         0x100047f0      0x478
 *(EXCLUDE_FILE(*libm.a: *libc.a:*lib_a-mem*.o *libgcc.a:) .rodata*)
 .rodata.str1.4
                0x100047f0      0x1cc CMakeFiles/hello_anything.dir/hello_anything.c.o
                                 0x69 (size before relaxing)
 .rodata.__bi_15.0
                0x100049bc       0x14 CMakeFiles/hello_anything.dir/hello_anything.c.o
 .rodata.__bi_16.1
                0x100049d0       0x14 CMakeFiles/hello_anything.dir/hello_anything.c.o
 .rodata.__bi_18.2
                0x100049e4       0x10 CMakeFiles/hello_anything.dir/hello_anything.c.o
 .rodata.__bi_19.3
                0x100049f4       0x10 CMakeFiles/hello_anything.dir/hello_anything.c.o
 .rodata.__bi_20.4
                0x10004a04       0x10 CMakeFiles/hello_anything.dir/hello_anything.c.o
 .rodata.__bi_21.5
                0x10004a14       0x10 CMakeFiles/hello_anything.dir/hello_anything.c.o
 .rodata.__bi_22.6
                0x10004a24       0x10 CMakeFiles/hello_anything.dir/hello_anything.c.o
 .rodata.__bi_28.7
                0x10004a34       0x10 CMakeFiles/hello_anything.dir/hello_anything.c.o
 .rodata.__bi_34.8
                0x10004a44       0x14 CMakeFiles/hello_anything.dir/hello_anything.c.o
 .rodata.panic.str1.4
                0x10004a58       0x12 CMakeFiles/hello_anything.dir/Users/paulgraham/.pico-sdk/sdk/2.2.0/src/rp2_common/pico_platform_panic/panic.c.o
 .rodata.spin_lock_claim_unused.str1.4
                0x10004a58       0x1b CMakeFiles/hello_anything.dir/Users/paulgraham/.pico-sdk/sdk/2.2.0/src/rp2_common/hardware_sync/sync.c.o
 .rodata.user_irq_claim_unused.str1.4
                0x10004a58       0x1b CMakeFiles/hello_anything.dir/Users/paulgraham/.pico-sdk/sdk/2.2.0/src/rp2_common/hardware_irq/irq.c.o
 .rodata.timer_hardware_alarm_claim.str1.4
                0x10004a58       0x22 CMakeFiles/hello_anything.dir/Users/paulgraham/.pico-sdk/sdk/2.2.0/src/rp2_common/hardware_timer/timer.c.o
 .rodata.hard_assertion_failure.str1.4
                0x10004a58        0xc CMakeFiles/hello_anything.dir/Users/paulgraham/.pico-sdk/sdk/2.2.0/src/rp2_common/pico_runtime/runtime.c.o
 .rodata.str1.4
                0x10004a58       0x44 CMakeFiles/hello_anything.dir/Users/paulgraham/.pico-sdk/sdk/2.2.0/src/rp2_common/pico_standard_binary_info/standard_binary_info.c.o
 .rodata.__bi_84
                0x10004a58        0xc CMakeFiles/hello_anything.dir/Users/paulgraham/.pico-sdk/sdk/2.2.0/src/rp2_common/pico_standard_binary_info/standard_binary_info.c.o
 .rodata.__bi_78
                0x10004a64        0xc CMakeFiles/hello_anything.dir/Users/paulgraham/.pico-sdk/sdk/2.2.0/src/rp2_common/pico_standard_binary_info/standard_binary_info.c.o
 .rodata.__bi_54
                0x10004a70        0xc CMakeFiles/hello_anything.dir/Users/paulgraham/.pico-sdk/sdk/2.2.0/src/rp2_common/pico_standard_binary_info/standard_binary_info.c.o
 .rodata.__bi_48
                0x10004a7c        0xc CMakeFiles/hello_anything.dir/Users/paulgraham/.pico-sdk/sdk/2.2.0/src/rp2_common/pico_standard_binary_info/standard_binary_info.c.o
 .rodata.__bi_42
                0x10004a88        0xc CMakeFiles/hello_anything.dir/Users/paulgraham/.pico-sdk/sdk/2.2.0/src/rp2_common/pico_standard_binary_info/standard_binary_info.c.o
 .rodata.__bi_34
                0x10004a94        0xc CMakeFiles/hello_anything.dir/Users/paulgraham/.pico-sdk/sdk/2.2.0/src/rp2_common/pico_standard_binary_info/standard_binary_info.c.o
 .rodata.__bi_26
                0x10004aa0        0xc CMakeFiles/hello_anything.dir/Users/paulgraham/.pico-sdk/sdk/2.2.0/src/rp2_common/pico_standard_binary_info/standard_binary_info.c.o
 .rodata.crlf_str.0
                0x10004aac        0x2 CMakeFiles/hello_anything.dir/Users/paulgraham/.pico-sdk/sdk/2.2.0/src/rp2_common/pico_stdio/stdio.c.o
 *fill*         0x10004aae        0x2 
 .rodata._resetd_driver
                0x10004ab0       0x20 CMakeFiles/hello_anything.dir/Users/paulgraham/.pico-sdk/sdk/2.2.0/src/rp2_common/pico_stdio_usb/reset_interface.c.o
 .rodata.desc_ms_os_20
                0x10004ad0       0xa6 CMakeFiles/hello_anything.dir/Users/paulgraham/.pico-sdk/sdk/2.2.0/src/rp2_common/pico_stdio_usb/reset_interface.c.o
 *fill*         0x10004b76        0x2 
 .rodata.desc_bos
                0x10004b78       0x21 CMakeFiles/hello_anything.dir/Users/paulgraham/.pico-sdk/sdk/2.2.0/src/rp2_common/pico_stdio_usb/reset_interface.c.o
                0x10004b78                desc_bos
 .rodata.str1.4
                0x10004b99       0x13 CMakeFiles/hello_anything.dir/Users/paulgraham/.pico-sdk/sdk/2.2.0/src/rp2_common/pico_stdio_usb/stdio_usb.c.o
 *fill*         0x10004b99        0x3 
 .rodata.__bi_202.0
                0x10004b9c        0xc CMakeFiles/hello_anything.dir/Users/paulgraham/.pico-sdk/sdk/2.2.0/src/rp2_common/pico_stdio_usb/stdio_usb.c.o
 .rodata.str1.4
                0x10004ba8       0x2a CMakeFiles/hello_anything.dir/Users/paulgraham/.pico-sdk/sdk/2.2.0/src/rp2_common/pico_stdio_usb/stdio_usb_descriptors.c.o
 .rodata.usbd_desc_str
                0x10004ba8       0x18 CMakeFiles/hello_anything.dir/Users/paulgraham/.pico-sdk/sdk/2.2.0/src/rp2_common/pico_stdio_usb/stdio_usb_descriptors.c.o
 .rodata.usbd_desc_cfg
                0x10004bc0       0x54 CMakeFiles/hello_anything.dir/Users/paulgraham/.pico-sdk/sdk/2.2.0/src/rp2_common/pico_stdio_usb/stdio_usb_descriptors.c.o
 .rodata.usbd_desc_device
                0x10004c14       0x12 CMakeFiles/hello_anything.dir/Users/paulgraham/.pico-sdk/sdk/2.2.0/src/rp2_common/pico_stdio_usb/stdio_usb_descriptors.c.o
 .rodata.str1.4
                0x10004c26       0x14 CMakeFiles/hello_anything.dir/Users/paulgraham/.pico-sdk/sdk/2.2.0/lib/tinyusb/src/portable/raspberrypi/rp2040/dcd_rp2040.c.o
 .rodata.str1.4
                0x10004c26       0x48 CMakeFiles/hello_anything.dir/Users/paulgraham/.pico-sdk/sdk/2.2.0/lib/tinyusb/src/portable/raspberrypi/rp2040/rp2040_usb.c.o
 *fill*         0x10004c26        0x2 
 .rodata._usbd_driver
                0x10004c28       0x40 CMakeFiles/hello_anything.dir/Users/paulgraham/.pico-sdk/sdk/2.2.0/lib/tinyusb/src/device/usbd.c.o
 *(.srodata*)
                0x10004c68                        . = ALIGN (0x4)
 *(SORT_BY_ALIGNMENT(SORT_BY_NAME(.flashdata*)))
                0x10004c68                        . = ALIGN (0x4)

.ARM.extab
 *(.ARM.extab* .gnu.linkonce.armextab.*)
                0x10004c68                        __exidx_start = .

.ARM.exidx      0x10004c68        0x8
 *(.ARM.exidx* .gnu.linkonce.armexidx.*)
 .ARM.exidx     0x10004c68        0x8 /Users/paulgraham/.pico-sdk/toolchain/14_2_Rel1/bin/../lib/gcc/arm-none-eabi/14.2.1/../../../../arm-none-eabi/lib/thumb/v8-m.main+fp/softfp/libg.a(libc_a-memcpy.o)
                0x10004c70                        __exidx_end = .
                0x10004c70                        . = ALIGN (0x4)
                0x10004c70                        __binary_info_start = .

.binary_info    0x10004c70       0x44
 *(.binary_info.keep.*)
 .binary_info.keep.__bi_ptr34
                0x10004c70        0x4 CMakeFiles/hello_anything.dir/hello_anything.c.o
 .binary_info.keep.__bi_ptr28
                0x10004c74        0x4 CMakeFiles/hello_anything.dir/hello_anything.c.o
 .binary_info.keep.__bi_ptr22
                0x10004c78        0x4 CMakeFiles/hello_anything.dir/hello_anything.c.o
 .binary_info.keep.__bi_ptr21
                0x10004c7c        0x4 CMakeFiles/hello_anything.dir/hello_anything.c.o
 .binary_info.keep.__bi_ptr20
                0x10004c80        0x4 CMakeFiles/hello_anything.dir/hello_anything.c.o
 .binary_info.keep.__bi_ptr19
                0x10004c84        0x4 CMakeFiles/hello_anything.dir/hello_anything.c.o
 .binary_info.keep.__bi_ptr18
                0x10004c88        0x4 CMakeFiles/hello_anything.dir/hello_anything.c.o
 .binary_info.keep.__bi_ptr16
                0x10004c8c        0x4 CMakeFiles/hello_anything.dir/hello_anything.c.o
 .binary_info.keep.__bi_ptr15
                0x10004c90        0x4 CMakeFiles/hello_anything.dir/hello_anything.c.o
 .binary_info.keep.__bi_ptr84
                0x10004c94        0x4 CMakeFiles/hello_anything.dir/Users/paulgraham/.pico-sdk/sdk/2.2.0/src/rp2_common/pico_standard_binary_info/standard_binary_info.c.o
 .binary_info.keep.__bi_ptr78
                0x10004c98        0x4 CMakeFiles/hello_anything.dir/Users/paulgraham/.pico-sdk/sdk/2.2.0/src/rp2_common/pico_standard_binary_info/standard_binary_info.c.o
 .binary_info.keep.__bi_ptr54
                0x10004c9c        0x4 CMakeFiles/hello_anything.dir/Users/paulgraham/.pico-sdk/sdk/2.2.0/src/rp2_common/pico_standard_binary_info/standard_binary_info.c.o
 .binary_info.keep.__bi_ptr48
                0x10004ca0        0x4 CMakeFiles/hello_anything.dir/Users/paulgraham/.pico-sdk/sdk/2.2.0/src/rp2_common/pico_standard_binary_info/standard_binary_info.c.o
 .binary_info.keep.__bi_ptr42
                0x10004ca4        0x4 CMakeFiles/hello_anything.dir/Users/paulgraham/.pico-sdk/sdk/2.2.0/src/rp2_common/pico_standard_binary_info/standard_binary_info.c.o
 .binary_info.keep.__bi_ptr34
                0x10004ca8        0x4 CMakeFiles/hello_anything.dir/Users/paulgraham/.pico-sdk/sdk/2.2.0/src/rp2_common/pico_standard_binary_info/standard_binary_info.c.o
 .binary_info.keep.__bi_ptr26
                0x10004cac        0x4 CMakeFiles/hello_anything.dir/Users/paulgraham/.pico-sdk/sdk/2.2.0/src/rp2_common/pico_standard_binary_info/standard_binary_info.c.o
 *(.binary_info.*)
 .binary_info.__bi_ptr202
                0x10004cb0        0x4 CMakeFiles/hello_anything.dir/Users/paulgraham/.pico-sdk/sdk/2.2.0/src/rp2_common/pico_stdio_usb/stdio_usb.c.o
                0x10004cb4                        __binary_info_end = .
                0x10004cb4                        . = ALIGN (0x4)

.ram_vector_table
                0x20000000      0x110
 *(.ram_vector_table)
 .ram_vector_table
                0x20000000      0x110 CMakeFiles/hello_anything.dir/Users/paulgraham/.pico-sdk/sdk/2.2.0/src/rp2_common/pico_runtime_init/runtime_init.c.o
                0x20000000                ram_vector_table

.uninitialized_data
                0x20000110        0x0
                0x20000110                        . = ALIGN (0x4)
 *(.uninitialized_data*)

.data           0x20000110      0xec4 load address 0x10004cb4
                0x20000110                        __data_start__ = .
 *(vtable)
 *(.time_critical*)
 .time_critical.mutex_try_enter
                0x20000110       0x50 CMakeFiles/hello_anything.dir/Users/paulgraham/.pico-sdk/sdk/2.2.0/src/common/pico_sync/mutex.c.o
                0x20000110                mutex_try_enter
 .time_critical.mutex_enter_block_until
                0x20000160       0x6c CMakeFiles/hello_anything.dir/Users/paulgraham/.pico-sdk/sdk/2.2.0/src/common/pico_sync/mutex.c.o
                0x20000160                mutex_enter_block_until
 .time_critical.mutex_try_enter_block_until
                0x200001cc       0x68 CMakeFiles/hello_anything.dir/Users/paulgraham/.pico-sdk/sdk/2.2.0/src/common/pico_sync/mutex.c.o
                0x200001cc                mutex_try_enter_block_until
 .time_critical.mutex_enter_timeout_ms
                0x20000234       0x38 CMakeFiles/hello_anything.dir/Users/paulgraham/.pico-sdk/sdk/2.2.0/src/common/pico_sync/mutex.c.o
                0x20000234                mutex_enter_timeout_ms
 .time_critical.mutex_exit
                0x2000026c       0x3c CMakeFiles/hello_anything.dir/Users/paulgraham/.pico-sdk/sdk/2.2.0/src/common/pico_sync/mutex.c.o
                0x2000026c                mutex_exit
 .time_critical.reset_non_control_endpoints
                0x200002a8       0x64 CMakeFiles/hello_anything.dir/Users/paulgraham/.pico-sdk/sdk/2.2.0/lib/tinyusb/src/portable/raspberrypi/rp2040/dcd_rp2040.c.o
 .time_critical.hw_handle_buff_status
                0x2000030c       0x90 CMakeFiles/hello_anything.dir/Users/paulgraham/.pico-sdk/sdk/2.2.0/lib/tinyusb/src/portable/raspberrypi/rp2040/dcd_rp2040.c.o
 .time_critical.dcd_rp2040_irq
                0x2000039c      0x530 CMakeFiles/hello_anything.dir/Users/paulgraham/.pico-sdk/sdk/2.2.0/lib/tinyusb/src/portable/raspberrypi/rp2040/dcd_rp2040.c.o
 .time_critical.prepare_ep_buffer
                0x200008cc       0xc0 CMakeFiles/hello_anything.dir/Users/paulgraham/.pico-sdk/sdk/2.2.0/lib/tinyusb/src/portable/raspberrypi/rp2040/rp2040_usb.c.o
 .time_critical.sync_ep_buffer
                0x2000098c       0xb4 CMakeFiles/hello_anything.dir/Users/paulgraham/.pico-sdk/sdk/2.2.0/lib/tinyusb/src/portable/raspberrypi/rp2040/rp2040_usb.c.o
 .time_critical._hw_endpoint_xfer_sync
                0x20000a40       0x2c CMakeFiles/hello_anything.dir/Users/paulgraham/.pico-sdk/sdk/2.2.0/lib/tinyusb/src/portable/raspberrypi/rp2040/rp2040_usb.c.o
 .time_critical.e15_is_bulkin_ep
                0x20000a6c       0x28 CMakeFiles/hello_anything.dir/Users/paulgraham/.pico-sdk/sdk/2.2.0/lib/tinyusb/src/portable/raspberrypi/rp2040/rp2040_usb.c.o
 .time_critical.e15_is_critical_frame_period
                0x20000a94       0x28 CMakeFiles/hello_anything.dir/Users/paulgraham/.pico-sdk/sdk/2.2.0/lib/tinyusb/src/portable/raspberrypi/rp2040/rp2040_usb.c.o
 .time_critical.hw_endpoint_reset_transfer
                0x20000abc        0xc CMakeFiles/hello_anything.dir/Users/paulgraham/.pico-sdk/sdk/2.2.0/lib/tinyusb/src/portable/raspberrypi/rp2040/rp2040_usb.c.o
                0x20000abc                hw_endpoint_reset_transfer
 .time_critical._hw_endpoint_buffer_control_update32
                0x20000ac8       0x44 CMakeFiles/hello_anything.dir/Users/paulgraham/.pico-sdk/sdk/2.2.0/lib/tinyusb/src/portable/raspberrypi/rp2040/rp2040_usb.c.o
                0x20000ac8                _hw_endpoint_buffer_control_update32
 .time_critical.hw_endpoint_start_next_buffer
                0x20000b0c       0x64 CMakeFiles/hello_anything.dir/Users/paulgraham/.pico-sdk/sdk/2.2.0/lib/tinyusb/src/portable/raspberrypi/rp2040/rp2040_usb.c.o
                0x20000b0c                hw_endpoint_start_next_buffer
 .time_critical.hw_endpoint_xfer_continue
                0x20000b70       0x3c CMakeFiles/hello_anything.dir/Users/paulgraham/.pico-sdk/sdk/2.2.0/lib/tinyusb/src/portable/raspberrypi/rp2040/rp2040_usb.c.o
                0x20000b70                hw_endpoint_xfer_continue
 .time_critical.tinyusb
                0x20000bac      0x224 CMakeFiles/hello_anything.dir/Users/paulgraham/.pico-sdk/sdk/2.2.0/lib/tinyusb/src/device/usbd.c.o
                0x20000bac                dcd_event_handler
 .time_critical.tinyusb.__stub
                0x20000dd0       0x30 linker stubs
 *(.text*)
                0x20000e00                        . = ALIGN (0x4)
 *(.rodata*)
                0x20000e00                        . = ALIGN (0x4)
 *(.data*)
 .data          0x20000e00       0x18 CMakeFiles/hello_anything.dir/hello_anything.c.o
 .data.text.9   0x20000e18      0x100 CMakeFiles/hello_anything.dir/hello_anything.c.o
 .data.striped_spin_lock_num
                0x20000f18        0x1 CMakeFiles/hello_anything.dir/Users/paulgraham/.pico-sdk/sdk/2.2.0/src/rp2_common/hardware_sync/sync.c.o
 *fill*         0x20000f19        0x3 
 .data          0x20000f1c       0x48 CMakeFiles/hello_anything.dir/Users/paulgraham/.pico-sdk/sdk/2.2.0/src/rp2_common/hardware_irq/irq_handler_chain.S.o
                0x20000f1c                irq_handler_chain_slots
                0x20000f4c                irq_handler_chain_first_slot
                0x20000f56                irq_handler_chain_remove_tail
 .data.default_alarm_pool
                0x20000f64       0x18 CMakeFiles/hello_anything.dir/Users/paulgraham/.pico-sdk/sdk/2.2.0/src/common/pico_time/time.c.o
 .data.stdio_uart
                0x20000f7c       0x18 CMakeFiles/hello_anything.dir/Users/paulgraham/.pico-sdk/sdk/2.2.0/src/rp2_common/pico_stdio_uart/stdio_uart.c.o
                0x20000f7c                stdio_uart
 .data.stdio_usb
                0x20000f94       0x18 CMakeFiles/hello_anything.dir/Users/paulgraham/.pico-sdk/sdk/2.2.0/src/rp2_common/pico_stdio_usb/stdio_usb.c.o
                0x20000f94                stdio_usb
 .data._usbd_qdef
                0x20000fac       0x1c CMakeFiles/hello_anything.dir/Users/paulgraham/.pico-sdk/sdk/2.2.0/lib/tinyusb/src/device/usbd.c.o
                0x20000fac                _usbd_qdef
 .data._usbd_rhport
                0x20000fc8        0x1 CMakeFiles/hello_anything.dir/Users/paulgraham/.pico-sdk/sdk/2.2.0/lib/tinyusb/src/device/usbd.c.o
 *(.sdata*)
                0x20000fcc                        . = ALIGN (0x4)
 *fill*         0x20000fc9        0x3 
 *(.after_data.*)
                0x20000fcc                        . = ALIGN (0x4)
                0x20000fcc                        PROVIDE (__mutex_array_start = .)
 *(SORT_BY_NAME(.mutex_array.*))
 *(.mutex_array)
 .mutex_array   0x20000fcc        0x8 CMakeFiles/hello_anything.dir/Users/paulgraham/.pico-sdk/sdk/2.2.0/src/rp2_common/pico_stdio/stdio.c.o
                0x20000fd4                        PROVIDE (__mutex_array_end = .)
 *(.jcr)
                0x20000fd4                        . = ALIGN (0x4)

.tm_clone_table
                0x20000fd4        0x0 load address 0x10005b78
 .tm_clone_table
                0x20000fd4        0x0 /Users/paulgraham/.pico-sdk/toolchain/14_2_Rel1/bin/../lib/gcc/arm-none-eabi/14.2.1/thumb/v8-m.main+fp/softfp/crtbegin.o
 .tm_clone_table
                0x20000fd4        0x0 /Users/paulgraham/.pico-sdk/toolchain/14_2_Rel1/bin/../lib/gcc/arm-none-eabi/14.2.1/thumb/v8-m.main+fp/softfp/crtend.o

.igot.plt       0x20000fd4        0x0 load address 0x10005b78
 .igot.plt      0x20000fd4        0x0 /Users/paulgraham/.pico-sdk/toolchain/14_2_Rel1/bin/../lib/gcc/arm-none-eabi/14.2.1/thumb/v8-m.main+fp/softfp/crtbegin.o

.tdata          0x20000fd4        0x0 load address 0x10005b78
                0x20000fd4                        . = ALIGN (0x4)
 *(.tdata .tdata.* .gnu.linkonce.td.*)
                0x20000fd4                        __tdata_end = .
                0x20000fd4                        PROVIDE (__data_end__ = .)
                0x10004cb4                        __etext = LOADADDR (.data)

.tbss           0x20000fd4        0x0 load address 0x10005b78
                0x20000fd4                        . = ALIGN (0x4)
                0x20000fd4                        __bss_start__ = .
                0x20000fd4                        __tls_base = .
 *(.tbss .tbss.* .gnu.linkonce.tb.*)
 *(.tcommon)
                0x20000fd4                        __tls_end = .

.bss            0x20000fd8      0xc38 load address 0x10005b78
                0x20000fd8                        . = ALIGN (0x4)
                0x20000fd8                        __tbss_end = .
 *(SORT_BY_ALIGNMENT(SORT_BY_NAME(.bss*)))
 .bss.default_alarm_pool_entries
                0x20000fd8      0x180 CMakeFiles/hello_anything.dir/Users/paulgraham/.pico-sdk/sdk/2.2.0/src/common/pico_time/time.c.o
 .bss.last_avail_time.1
                0x20001158        0x8 CMakeFiles/hello_anything.dir/Users/paulgraham/.pico-sdk/sdk/2.2.0/src/rp2_common/pico_stdio_usb/stdio_usb.c.o
 .bss._app_driver
                0x20001160        0x4 CMakeFiles/hello_anything.dir/Users/paulgraham/.pico-sdk/sdk/2.2.0/lib/tinyusb/src/device/usbd.c.o
 .bss._cdcd_epbuf
                0x20001164       0x80 CMakeFiles/hello_anything.dir/Users/paulgraham/.pico-sdk/sdk/2.2.0/lib/tinyusb/src/class/cdc/cdc_device.c.o
 .bss._cdcd_fifo_cfg
                0x200011e4        0x1 CMakeFiles/hello_anything.dir/Users/paulgraham/.pico-sdk/sdk/2.2.0/lib/tinyusb/src/class/cdc/cdc_device.c.o
 *fill*         0x200011e5        0x3 
 .bss._cdcd_itf
                0x200011e8       0xc8 CMakeFiles/hello_anything.dir/Users/paulgraham/.pico-sdk/sdk/2.2.0/lib/tinyusb/src/class/cdc/cdc_device.c.o
 .bss._ctrl_epbuf
                0x200012b0       0x40 CMakeFiles/hello_anything.dir/Users/paulgraham/.pico-sdk/sdk/2.2.0/lib/tinyusb/src/device/usbd_control.c.o
 .bss._ctrl_xfer
                0x200012f0       0x14 CMakeFiles/hello_anything.dir/Users/paulgraham/.pico-sdk/sdk/2.2.0/lib/tinyusb/src/device/usbd_control.c.o
 .bss._sw_spin_locks
                0x20001304       0x20 CMakeFiles/hello_anything.dir/Users/paulgraham/.pico-sdk/sdk/2.2.0/src/rp2_common/hardware_sync_spin_lock/sync_spin_lock.c.o
                0x20001304                _sw_spin_locks
 .bss._tusb_rhport_role
                0x20001324        0x2 CMakeFiles/hello_anything.dir/Users/paulgraham/.pico-sdk/sdk/2.2.0/lib/tinyusb/src/tusb.c.o
                0x20001324                _tusb_rhport_role
 *fill*         0x20001326        0x2 
 .bss._ubsd_mutexdef
                0x20001328        0x8 CMakeFiles/hello_anything.dir/Users/paulgraham/.pico-sdk/sdk/2.2.0/lib/tinyusb/src/device/usbd.c.o
 .bss._usbd_dev
                0x20001330       0x54 CMakeFiles/hello_anything.dir/Users/paulgraham/.pico-sdk/sdk/2.2.0/lib/tinyusb/src/device/usbd.c.o
 .bss._usbd_mutex
                0x20001384        0x4 CMakeFiles/hello_anything.dir/Users/paulgraham/.pico-sdk/sdk/2.2.0/lib/tinyusb/src/device/usbd.c.o
 .bss._usbd_q   0x20001388        0x4 CMakeFiles/hello_anything.dir/Users/paulgraham/.pico-sdk/sdk/2.2.0/lib/tinyusb/src/device/usbd.c.o
 .bss._usbd_qdef_buf
                0x2000138c       0xc0 CMakeFiles/hello_anything.dir/Users/paulgraham/.pico-sdk/sdk/2.2.0/lib/tinyusb/src/device/usbd.c.o
                0x2000138c                _usbd_qdef_buf
 .bss._vendord_epbuf
                0x2000144c       0x80 CMakeFiles/hello_anything.dir/Users/paulgraham/.pico-sdk/sdk/2.2.0/lib/tinyusb/src/class/vendor/vendor_device.c.o
 .bss._vendord_itf
                0x200014cc      0x24c CMakeFiles/hello_anything.dir/Users/paulgraham/.pico-sdk/sdk/2.2.0/lib/tinyusb/src/class/vendor/vendor_device.c.o
 .bss.chars_available_callback
                0x20001718        0x4 CMakeFiles/hello_anything.dir/Users/paulgraham/.pico-sdk/sdk/2.2.0/src/rp2_common/pico_stdio_uart/stdio_uart.c.o
 .bss.chars_available_callback
                0x2000171c        0x4 CMakeFiles/hello_anything.dir/Users/paulgraham/.pico-sdk/sdk/2.2.0/src/rp2_common/pico_stdio_usb/stdio_usb.c.o
 .bss.chars_available_param
                0x20001720        0x4 CMakeFiles/hello_anything.dir/Users/paulgraham/.pico-sdk/sdk/2.2.0/src/rp2_common/pico_stdio_uart/stdio_uart.c.o
 .bss.chars_available_param
                0x20001724        0x4 CMakeFiles/hello_anything.dir/Users/paulgraham/.pico-sdk/sdk/2.2.0/src/rp2_common/pico_stdio_usb/stdio_usb.c.o
 .bss.claimed   0x20001728        0x4 CMakeFiles/hello_anything.dir/Users/paulgraham/.pico-sdk/sdk/2.2.0/src/rp2_common/hardware_sync/sync.c.o
 .bss.claimed   0x2000172c        0x2 CMakeFiles/hello_anything.dir/Users/paulgraham/.pico-sdk/sdk/2.2.0/src/rp2_common/hardware_timer/timer.c.o
 *fill*         0x2000172e        0x2 
 .bss.configured_freq
                0x20001730       0x28 CMakeFiles/hello_anything.dir/Users/paulgraham/.pico-sdk/sdk/2.2.0/src/rp2_common/hardware_clocks/clocks.c.o
 .bss.desc_str.0
                0x20001758       0x28 CMakeFiles/hello_anything.dir/Users/paulgraham/.pico-sdk/sdk/2.2.0/src/rp2_common/pico_stdio_usb/stdio_usb_descriptors.c.o
 .bss.drivers   0x20001780        0x4 CMakeFiles/hello_anything.dir/Users/paulgraham/.pico-sdk/sdk/2.2.0/src/rp2_common/pico_stdio/stdio.c.o
 .bss.e15_last_sof
                0x20001784        0x4 CMakeFiles/hello_anything.dir/Users/paulgraham/.pico-sdk/sdk/2.2.0/lib/tinyusb/src/portable/raspberrypi/rp2040/rp2040_usb.c.o
                0x20001784                e15_last_sof
 .bss.filter    0x20001788        0x4 CMakeFiles/hello_anything.dir/Users/paulgraham/.pico-sdk/sdk/2.2.0/src/rp2_common/pico_stdio/stdio.c.o
 .bss.hw_endpoints
                0x2000178c      0x400 CMakeFiles/hello_anything.dir/Users/paulgraham/.pico-sdk/sdk/2.2.0/lib/tinyusb/src/portable/raspberrypi/rp2040/dcd_rp2040.c.o
 .bss.lazy_vsnprintf
                0x20001b8c        0x4 CMakeFiles/hello_anything.dir/Users/paulgraham/.pico-sdk/sdk/2.2.0/src/rp2_common/pico_printf/printf.c.o
 .bss.load_value
                0x20001b90        0x4 CMakeFiles/hello_anything.dir/Users/paulgraham/.pico-sdk/sdk/2.2.0/src/rp2_common/hardware_watchdog/watchdog.c.o
 .bss.next_buffer_ptr
                0x20001b94        0x4 CMakeFiles/hello_anything.dir/Users/paulgraham/.pico-sdk/sdk/2.2.0/lib/tinyusb/src/portable/raspberrypi/rp2040/dcd_rp2040.c.o
 .bss.object.0  0x20001b98       0x18 /Users/paulgraham/.pico-sdk/toolchain/14_2_Rel1/bin/../lib/gcc/arm-none-eabi/14.2.1/thumb/v8-m.main+fp/softfp/crtbegin.o
 .bss.one_shot_timer_crit_sec
                0x20001bb0        0x8 CMakeFiles/hello_anything.dir/Users/paulgraham/.pico-sdk/sdk/2.2.0/src/rp2_common/pico_stdio_usb/stdio_usb.c.o
 .bss.pools     0x20001bb8       0x20 CMakeFiles/hello_anything.dir/Users/paulgraham/.pico-sdk/sdk/2.2.0/src/common/pico_time/time.c.o
 .bss.retrieved_id
                0x20001bd8        0x8 CMakeFiles/hello_anything.dir/Users/paulgraham/.pico-sdk/sdk/2.2.0/src/rp2_common/pico_unique_id/unique_id.c.o
 .bss.sleep_notifier
                0x20001be0        0x4 CMakeFiles/hello_anything.dir/Users/paulgraham/.pico-sdk/sdk/2.2.0/src/common/pico_time/time.c.o
 .bss.stdio_usb_mutex
                0x20001be4        0x8 CMakeFiles/hello_anything.dir/Users/paulgraham/.pico-sdk/sdk/2.2.0/src/rp2_common/pico_stdio_usb/stdio_usb.c.o
 .bss.uart_char_to_line_feed
                0x20001bec        0x4 CMakeFiles/hello_anything.dir/Users/paulgraham/.pico-sdk/sdk/2.2.0/src/rp2_common/hardware_uart/uart.c.o
                0x20001bec                uart_char_to_line_feed
 .bss.uart_instance
                0x20001bf0        0x4 CMakeFiles/hello_anything.dir/Users/paulgraham/.pico-sdk/sdk/2.2.0/src/rp2_common/pico_stdio_uart/stdio_uart.c.o
 .bss.usbd_serial_str
                0x20001bf4       0x11 CMakeFiles/hello_anything.dir/Users/paulgraham/.pico-sdk/sdk/2.2.0/src/rp2_common/pico_stdio_usb/stdio_usb_descriptors.c.o
 .bss._app_driver_count
                0x20001c05        0x1 CMakeFiles/hello_anything.dir/Users/paulgraham/.pico-sdk/sdk/2.2.0/lib/tinyusb/src/device/usbd.c.o
 .bss._sof_enable
                0x20001c06        0x1 CMakeFiles/hello_anything.dir/Users/paulgraham/.pico-sdk/sdk/2.2.0/lib/tinyusb/src/portable/raspberrypi/rp2040/dcd_rp2040.c.o
 .bss._usbd_queued_setup
                0x20001c07        0x1 CMakeFiles/hello_anything.dir/Users/paulgraham/.pico-sdk/sdk/2.2.0/lib/tinyusb/src/device/usbd.c.o
 .bss.irq_handler_chain_free_slot_head
                0x20001c08        0x1 CMakeFiles/hello_anything.dir/Users/paulgraham/.pico-sdk/sdk/2.2.0/src/rp2_common/hardware_irq/irq.c.o
 .bss.itf_num   0x20001c09        0x1 CMakeFiles/hello_anything.dir/Users/paulgraham/.pico-sdk/sdk/2.2.0/src/rp2_common/pico_stdio_usb/reset_interface.c.o
 .bss.low_priority_irq_num
                0x20001c0a        0x1 CMakeFiles/hello_anything.dir/Users/paulgraham/.pico-sdk/sdk/2.2.0/src/rp2_common/pico_stdio_usb/stdio_usb.c.o
 .bss.one_shot_timer_pending
                0x20001c0b        0x1 CMakeFiles/hello_anything.dir/Users/paulgraham/.pico-sdk/sdk/2.2.0/src/rp2_common/pico_stdio_usb/stdio_usb.c.o
 .bss.user_irq_claimed
                0x20001c0c        0x1 CMakeFiles/hello_anything.dir/Users/paulgraham/.pico-sdk/sdk/2.2.0/src/rp2_common/hardware_irq/irq.c.o
 *(COMMON)
                [!provide]                        PROVIDE (__global_pointer$ = (. + 0x800))
 *(.sbss*)
                0x20001c10                        . = ALIGN (0x4)
 *fill*         0x20001c0d        0x3 
                0x20001c10                        __bss_end__ = .

.heap           0x20001c10      0x800 load address 0x10005b78
                0x20001c10                        __end__ = .
                0x20001c10                        end = __end__
 *(.heap*)
 .heap          0x20001c10      0x800 CMakeFiles/hello_anything.dir/Users/paulgraham/.pico-sdk/sdk/2.2.0/src/rp2_common/pico_crt0/crt0.S.o
                0x20080000                        __HeapLimit = (ORIGIN (RAM) + LENGTH (RAM))

.scratch_x      0x20080000        0x0 load address 0x10005b78
                0x20080000                        __scratch_x_start__ = .
 *(.scratch_x.*)
                0x20080000                        . = ALIGN (0x4)
                0x20080000                        __scratch_x_end__ = .
                0x10005b78                        __scratch_x_source__ = LOADADDR (.scratch_x)

.scratch_y      0x20081000        0x0 load address 0x10005b78
                0x20081000                        __scratch_y_start__ = .
 *(.scratch_y.*)
                0x20081000                        . = ALIGN (0x4)
                0x20081000                        __scratch_y_end__ = .
                0x10005b78                        __scratch_y_source__ = LOADADDR (.scratch_y)

.stack1_dummy
 *(.stack1*)

.stack_dummy    0x20081000      0x800
 *(.stack*)
 .stack         0x20081000      0x800 CMakeFiles/hello_anything.dir/Users/paulgraham/.pico-sdk/sdk/2.2.0/src/rp2_common/pico_crt0/crt0.S.o

.flash_end      0x10005b78       0x14
 *(.embedded_end_block*)
 .embedded_end_block
                0x10005b78       0x14 CMakeFiles/hello_anything.dir/Users/paulgraham/.pico-sdk/sdk/2.2.0/src/rp2_common/pico_crt0/crt0.S.o
                0x10005b8c                        PROVIDE (__flash_binary_end = .)
                0x20080000                        __StackLimit = (ORIGIN (RAM) + LENGTH (RAM))
                0x20081000                        __StackOneTop = (ORIGIN (SCRATCH_X) + LENGTH (SCRATCH_X))
                0x20082000                        __StackTop = (ORIGIN (SCRATCH_Y) + LENGTH (SCRATCH_Y))
                0x20081000                        __StackOneBottom = (__StackOneTop - SIZEOF (.stack1_dummy))
                0x20081800                        __StackBottom = (__StackTop - SIZEOF (.stack_dummy))
                0x20082000                        PROVIDE (__stack = __StackTop)
                [!provide]                        PROVIDE (__heap_start = __end__)
                [!provide]                        PROVIDE (__heap_end = __HeapLimit)
                [!provide]                        PROVIDE (__tls_align = MAX (ALIGNOF (.tdata), ALIGNOF (.tbss)))
                [!provide]                        PROVIDE (__tls_size_align = (((__tls_size + __tls_align) - 0x1) & ~ ((__tls_align - 0x1))))
                [!provide]                        PROVIDE (__arm32_tls_tcb_offset = MAX (0x8, __tls_align))
                [!provide]                        PROVIDE (_end = __end__)
                [!provide]                        PROVIDE (__llvm_libc_heap_limit = __HeapLimit)
                0x00000001                        ASSERT ((__StackLimit >= __HeapLimit), region RAM overflowed)
                0x00000001                        ASSERT (((__binary_info_header_end - __logical_binary_start) <= 0x400), Binary info must be in first 1024 bytes of the binary)
                0x00000001                        ASSERT (((__embedded_block_end - __logical_binary_start) <= 0x1000), Embedded block must be in first 4096 bytes of the binary)
LOAD CMakeFiles/hello_anything.dir/hello_anything.c.o
LOAD CMakeFiles/hello_anything.dir/Users/paulgraham/.pico-sdk/sdk/2.2.0/src/rp2_common/pico_stdlib/stdlib.c.o
LOAD CMakeFiles/hello_anything.dir/Users/paulgraham/.pico-sdk/sdk/2.2.0/src/rp2_common/hardware_gpio/gpio.c.o
LOAD CMakeFiles/hello_anything.dir/Users/paulgraham/.pico-sdk/sdk/2.2.0/src/rp2350/pico_platform/platform.c.o
LOAD CMakeFiles/hello_anything.dir/Users/paulgraham/.pico-sdk/sdk/2.2.0/src/rp2_common/pico_platform_common/common.c.o
LOAD CMakeFiles/hello_anything.dir/Users/paulgraham/.pico-sdk/sdk/2.2.0/src/rp2_common/pico_platform_panic/panic.c.o
LOAD CMakeFiles/hello_anything.dir/Users/paulgraham/.pico-sdk/sdk/2.2.0/src/common/hardware_claim/claim.c.o
LOAD CMakeFiles/hello_anything.dir/Users/paulgraham/.pico-sdk/sdk/2.2.0/src/rp2_common/hardware_sync/sync.c.o
LOAD CMakeFiles/hello_anything.dir/Users/paulgraham/.pico-sdk/sdk/2.2.0/src/rp2_common/hardware_sync_spin_lock/sync_spin_lock.c.o
LOAD CMakeFiles/hello_anything.dir/Users/paulgraham/.pico-sdk/sdk/2.2.0/src/rp2_common/hardware_irq/irq.c.o
LOAD CMakeFiles/hello_anything.dir/Users/paulgraham/.pico-sdk/sdk/2.2.0/src/rp2_common/hardware_irq/irq_handler_chain.S.o
LOAD CMakeFiles/hello_anything.dir/Users/paulgraham/.pico-sdk/sdk/2.2.0/src/common/pico_sync/sem.c.o
LOAD CMakeFiles/hello_anything.dir/Users/paulgraham/.pico-sdk/sdk/2.2.0/src/common/pico_sync/lock_core.c.o
LOAD CMakeFiles/hello_anything.dir/Users/paulgraham/.pico-sdk/sdk/2.2.0/src/common/pico_sync/mutex.c.o
LOAD CMakeFiles/hello_anything.dir/Users/paulgraham/.pico-sdk/sdk/2.2.0/src/common/pico_sync/critical_section.c.o
LOAD CMakeFiles/hello_anything.dir/Users/paulgraham/.pico-sdk/sdk/2.2.0/src/common/pico_time/time.c.o
LOAD CMakeFiles/hello_anything.dir/Users/paulgraham/.pico-sdk/sdk/2.2.0/src/common/pico_time/timeout_helper.c.o
LOAD CMakeFiles/hello_anything.dir/Users/paulgraham/.pico-sdk/sdk/2.2.0/src/rp2_common/hardware_timer/timer.c.o
LOAD CMakeFiles/hello_anything.dir/Users/paulgraham/.pico-sdk/sdk/2.2.0/src/common/pico_util/datetime.c.o
LOAD CMakeFiles/hello_anything.dir/Users/paulgraham/.pico-sdk/sdk/2.2.0/src/common/pico_util/pheap.c.o
LOAD CMakeFiles/hello_anything.dir/Users/paulgraham/.pico-sdk/sdk/2.2.0/src/common/pico_util/queue.c.o
LOAD CMakeFiles/hello_anything.dir/Users/paulgraham/.pico-sdk/sdk/2.2.0/src/rp2_common/hardware_uart/uart.c.o
LOAD CMakeFiles/hello_anything.dir/Users/paulgraham/.pico-sdk/sdk/2.2.0/src/rp2_common/hardware_clocks/clocks.c.o
LOAD CMakeFiles/hello_anything.dir/Users/paulgraham/.pico-sdk/sdk/2.2.0/src/rp2_common/hardware_pll/pll.c.o
LOAD CMakeFiles/hello_anything.dir/Users/paulgraham/.pico-sdk/sdk/2.2.0/src/rp2_common/hardware_vreg/vreg.c.o
LOAD CMakeFiles/hello_anything.dir/Users/paulgraham/.pico-sdk/sdk/2.2.0/src/rp2_common/hardware_watchdog/watchdog.c.o
LOAD CMakeFiles/hello_anything.dir/Users/paulgraham/.pico-sdk/sdk/2.2.0/src/rp2_common/hardware_ticks/ticks.c.o
LOAD CMakeFiles/hello_anything.dir/Users/paulgraham/.pico-sdk/sdk/2.2.0/src/rp2_common/pico_bootrom/bootrom.c.o
LOAD CMakeFiles/hello_anything.dir/Users/paulgraham/.pico-sdk/sdk/2.2.0/src/rp2_common/pico_bootrom/bootrom_lock.c.o
LOAD CMakeFiles/hello_anything.dir/Users/paulgraham/.pico-sdk/sdk/2.2.0/src/rp2_common/hardware_boot_lock/boot_lock.c.o
LOAD CMakeFiles/hello_anything.dir/Users/paulgraham/.pico-sdk/sdk/2.2.0/src/rp2_common/pico_flash/flash.c.o
LOAD CMakeFiles/hello_anything.dir/Users/paulgraham/.pico-sdk/sdk/2.2.0/src/rp2_common/hardware_xosc/xosc.c.o
LOAD CMakeFiles/hello_anything.dir/Users/paulgraham/.pico-sdk/sdk/2.2.0/src/rp2_common/hardware_divider/divider.c.o
LOAD CMakeFiles/hello_anything.dir/Users/paulgraham/.pico-sdk/sdk/2.2.0/src/rp2_common/pico_runtime/runtime.c.o
LOAD CMakeFiles/hello_anything.dir/Users/paulgraham/.pico-sdk/sdk/2.2.0/src/rp2_common/pico_runtime_init/runtime_init.c.o
LOAD CMakeFiles/hello_anything.dir/Users/paulgraham/.pico-sdk/sdk/2.2.0/src/rp2_common/pico_runtime_init/runtime_init_clocks.c.o
LOAD CMakeFiles/hello_anything.dir/Users/paulgraham/.pico-sdk/sdk/2.2.0/src/rp2_common/pico_runtime_init/runtime_init_stack_guard.c.o
LOAD CMakeFiles/hello_anything.dir/Users/paulgraham/.pico-sdk/sdk/2.2.0/src/rp2_common/pico_bit_ops/bit_ops_aeabi.S.o
LOAD CMakeFiles/hello_anything.dir/Users/paulgraham/.pico-sdk/sdk/2.2.0/src/rp2_common/pico_divider/divider_compiler.c.o
LOAD CMakeFiles/hello_anything.dir/Users/paulgraham/.pico-sdk/sdk/2.2.0/src/rp2_common/pico_double/double_math.c.o
LOAD CMakeFiles/hello_anything.dir/Users/paulgraham/.pico-sdk/sdk/2.2.0/src/rp2_common/pico_double/double_aeabi_dcp.S.o
LOAD CMakeFiles/hello_anything.dir/Users/paulgraham/.pico-sdk/sdk/2.2.0/src/rp2_common/pico_double/double_fma_dcp.S.o
LOAD CMakeFiles/hello_anything.dir/Users/paulgraham/.pico-sdk/sdk/2.2.0/src/rp2_common/pico_double/double_sci_m33.S.o
LOAD CMakeFiles/hello_anything.dir/Users/paulgraham/.pico-sdk/sdk/2.2.0/src/rp2_common/pico_double/double_conv_m33.S.o
LOAD CMakeFiles/hello_anything.dir/Users/paulgraham/.pico-sdk/sdk/2.2.0/src/rp2_common/pico_float/float_math.c.o
LOAD CMakeFiles/hello_anything.dir/Users/paulgraham/.pico-sdk/sdk/2.2.0/src/rp2_common/pico_float/float_conv32_vfp.S.o
LOAD CMakeFiles/hello_anything.dir/Users/paulgraham/.pico-sdk/sdk/2.2.0/src/rp2_common/pico_float/float_common_m33.S.o
LOAD CMakeFiles/hello_anything.dir/Users/paulgraham/.pico-sdk/sdk/2.2.0/src/rp2_common/pico_float/float_sci_m33_vfp.S.o
LOAD CMakeFiles/hello_anything.dir/Users/paulgraham/.pico-sdk/sdk/2.2.0/src/rp2_common/pico_malloc/malloc.c.o
LOAD CMakeFiles/hello_anything.dir/Users/paulgraham/.pico-sdk/sdk/2.2.0/src/rp2_common/pico_atomic/atomic.c.o
LOAD CMakeFiles/hello_anything.dir/Users/paulgraham/.pico-sdk/sdk/2.2.0/src/rp2_common/pico_cxx_options/new_delete.cpp.o
LOAD CMakeFiles/hello_anything.dir/Users/paulgraham/.pico-sdk/sdk/2.2.0/src/rp2_common/pico_standard_binary_info/standard_binary_info.c.o
LOAD CMakeFiles/hello_anything.dir/Users/paulgraham/.pico-sdk/sdk/2.2.0/src/rp2_common/pico_printf/printf.c.o
LOAD CMakeFiles/hello_anything.dir/Users/paulgraham/.pico-sdk/sdk/2.2.0/src/rp2_common/pico_crt0/crt0.S.o
LOAD CMakeFiles/hello_anything.dir/Users/paulgraham/.pico-sdk/sdk/2.2.0/src/rp2_common/pico_clib_interface/newlib_interface.c.o
LOAD CMakeFiles/hello_anything.dir/Users/paulgraham/.pico-sdk/sdk/2.2.0/src/rp2_common/pico_stdio/stdio.c.o
LOAD CMakeFiles/hello_anything.dir/Users/paulgraham/.pico-sdk/sdk/2.2.0/src/rp2_common/pico_stdio_uart/stdio_uart.c.o
LOAD CMakeFiles/hello_anything.dir/Users/paulgraham/.pico-sdk/sdk/2.2.0/src/rp2_common/pico_stdio_usb/reset_interface.c.o
LOAD CMakeFiles/hello_anything.dir/Users/paulgraham/.pico-sdk/sdk/2.2.0/src/rp2_common/pico_stdio_usb/stdio_usb.c.o
LOAD CMakeFiles/hello_anything.dir/Users/paulgraham/.pico-sdk/sdk/2.2.0/src/rp2_common/pico_stdio_usb/stdio_usb_descriptors.c.o
LOAD CMakeFiles/hello_anything.dir/Users/paulgraham/.pico-sdk/sdk/2.2.0/src/rp2_common/pico_unique_id/unique_id.c.o
LOAD CMakeFiles/hello_anything.dir/Users/paulgraham/.pico-sdk/sdk/2.2.0/src/rp2_common/hardware_flash/flash.c.o
LOAD CMakeFiles/hello_anything.dir/Users/paulgraham/.pico-sdk/sdk/2.2.0/src/rp2_common/hardware_xip_cache/xip_cache.c.o
LOAD CMakeFiles/hello_anything.dir/Users/paulgraham/.pico-sdk/sdk/2.2.0/lib/tinyusb/src/portable/raspberrypi/rp2040/dcd_rp2040.c.o
LOAD CMakeFiles/hello_anything.dir/Users/paulgraham/.pico-sdk/sdk/2.2.0/lib/tinyusb/src/portable/raspberrypi/rp2040/rp2040_usb.c.o
LOAD CMakeFiles/hello_anything.dir/Users/paulgraham/.pico-sdk/sdk/2.2.0/lib/tinyusb/src/device/usbd.c.o
LOAD CMakeFiles/hello_anything.dir/Users/paulgraham/.pico-sdk/sdk/2.2.0/lib/tinyusb/src/device/usbd_control.c.o
LOAD CMakeFiles/hello_anything.dir/Users/paulgraham/.pico-sdk/sdk/2.2.0/lib/tinyusb/src/class/audio/audio_device.c.o
LOAD CMakeFiles/hello_anything.dir/Users/paulgraham/.pico-sdk/sdk/2.2.0/lib/tinyusb/src/class/cdc/cdc_device.c.o
LOAD CMakeFiles/hello_anything.dir/Users/paulgraham/.pico-sdk/sdk/2.2.0/lib/tinyusb/src/class/dfu/dfu_device.c.o
LOAD CMakeFiles/hello_anything.dir/Users/paulgraham/.pico-sdk/sdk/2.2.0/lib/tinyusb/src/class/dfu/dfu_rt_device.c.o
LOAD CMakeFiles/hello_anything.dir/Users/paulgraham/.pico-sdk/sdk/2.2.0/lib/tinyusb/src/class/hid/hid_device.c.o
LOAD CMakeFiles/hello_anything.dir/Users/paulgraham/.pico-sdk/sdk/2.2.0/lib/tinyusb/src/class/midi/midi_device.c.o
LOAD CMakeFiles/hello_anything.dir/Users/paulgraham/.pico-sdk/sdk/2.2.0/lib/tinyusb/src/class/msc/msc_device.c.o
LOAD CMakeFiles/hello_anything.dir/Users/paulgraham/.pico-sdk/sdk/2.2.0/lib/tinyusb/src/class/net/ecm_rndis_device.c.o
LOAD CMakeFiles/hello_anything.dir/Users/paulgraham/.pico-sdk/sdk/2.2.0/lib/tinyusb/src/class/net/ncm_device.c.o
LOAD CMakeFiles/hello_anything.dir/Users/paulgraham/.pico-sdk/sdk/2.2.0/lib/tinyusb/src/class/usbtmc/usbtmc_device.c.o
LOAD CMakeFiles/hello_anything.dir/Users/paulgraham/.pico-sdk/sdk/2.2.0/lib/tinyusb/src/class/vendor/vendor_device.c.o
LOAD CMakeFiles/hello_anything.dir/Users/paulgraham/.pico-sdk/sdk/2.2.0/lib/tinyusb/src/class/video/video_device.c.o
LOAD CMakeFiles/hello_anything.dir/Users/paulgraham/.pico-sdk/sdk/2.2.0/lib/tinyusb/src/tusb.c.o
LOAD CMakeFiles/hello_anything.dir/Users/paulgraham/.pico-sdk/sdk/2.2.0/lib/tinyusb/src/common/tusb_fifo.c.o
LOAD CMakeFiles/hello_anything.dir/Users/paulgraham/.pico-sdk/sdk/2.2.0/src/rp2_common/pico_fix/rp2040_usb_device_enumeration/rp2040_usb_device_enumeration.c.o
LOAD pico-sdk/src/rp2350/boot_stage2/CMakeFiles/bs2_default_library.dir/bs2_default_padded_checksummed.S.o
LOAD /Users/paulgraham/.pico-sdk/toolchain/14_2_Rel1/bin/../lib/gcc/arm-none-eabi/14.2.1/../../../../arm-none-eabi/lib/thumb/v8-m.main+fp/softfp/libstdc++.a
LOAD /Users/paulgraham/.pico-sdk/toolchain/14_2_Rel1/bin/../lib/gcc/arm-none-eabi/14.2.1/../../../../arm-none-eabi/lib/thumb/v8-m.main+fp/softfp/libm.a
START GROUP
LOAD /Users/paulgraham/.pico-sdk/toolchain/14_2_Rel1/bin/../lib/gcc/arm-none-eabi/14.2.1/thumb/v8-m.main+fp/softfp/libgcc.a